Component: ARM Compiler 5.06 update 7 (build 960) Tool: armlink [4d3601]

==============================================================================

Section Cross References

    startup_stm32f10x_md.o(STACK) refers (Special) to heapauxi.o(.text) for __use_two_region_memory
    startup_stm32f10x_md.o(HEAP) refers (Special) to heapauxi.o(.text) for __use_two_region_memory
    startup_stm32f10x_md.o(RESET) refers (Special) to heapauxi.o(.text) for __use_two_region_memory
    startup_stm32f10x_md.o(RESET) refers to startup_stm32f10x_md.o(STACK) for __initial_sp
    startup_stm32f10x_md.o(RESET) refers to startup_stm32f10x_md.o(.text) for Reset_Handler
    startup_stm32f10x_md.o(RESET) refers to stm32f10x_it.o(i.NMI_Handler) for NMI_Handler
    startup_stm32f10x_md.o(RESET) refers to stm32f10x_it.o(i.HardFault_Handler) for HardFault_Handler
    startup_stm32f10x_md.o(RESET) refers to stm32f10x_it.o(i.MemManage_Handler) for MemManage_Handler
    startup_stm32f10x_md.o(RESET) refers to stm32f10x_it.o(i.BusFault_Handler) for BusFault_Handler
    startup_stm32f10x_md.o(RESET) refers to stm32f10x_it.o(i.UsageFault_Handler) for UsageFault_Handler
    startup_stm32f10x_md.o(RESET) refers to stm32f10x_it.o(i.SVC_Handler) for SVC_Handler
    startup_stm32f10x_md.o(RESET) refers to stm32f10x_it.o(i.DebugMon_Handler) for DebugMon_Handler
    startup_stm32f10x_md.o(RESET) refers to os_cpu_a.o(CODE) for OS_CPU_PendSVHandler
    startup_stm32f10x_md.o(RESET) refers to os_cpu_c.o(i.OS_CPU_SysTickHandler) for OS_CPU_SysTickHandler
    startup_stm32f10x_md.o(RESET) refers to usart.o(i.USART1_IRQHandler) for USART1_IRQHandler
    startup_stm32f10x_md.o(RESET) refers to usart2.o(i.USART2_IRQHandler) for USART2_IRQHandler
    startup_stm32f10x_md.o(.text) refers (Special) to heapauxi.o(.text) for __use_two_region_memory
    startup_stm32f10x_md.o(.text) refers to system_stm32f10x.o(i.SystemInit) for SystemInit
    startup_stm32f10x_md.o(.text) refers to __main.o(!!!main) for __main
    startup_stm32f10x_md.o(.text) refers to startup_stm32f10x_md.o(HEAP) for Heap_Mem
    startup_stm32f10x_md.o(.text) refers to startup_stm32f10x_md.o(STACK) for Stack_Mem
    system_stm32f10x.o(i.SetSysClock) refers to system_stm32f10x.o(i.SetSysClockTo72) for SetSysClockTo72
    system_stm32f10x.o(i.SystemCoreClockUpdate) refers to system_stm32f10x.o(.data) for SystemCoreClock
    system_stm32f10x.o(i.SystemInit) refers to system_stm32f10x.o(i.SetSysClock) for SetSysClock
    stm32f10x_adc.o(i.ADC_DeInit) refers to stm32f10x_rcc.o(i.RCC_APB2PeriphResetCmd) for RCC_APB2PeriphResetCmd
    stm32f10x_bkp.o(i.BKP_DeInit) refers to stm32f10x_rcc.o(i.RCC_BackupResetCmd) for RCC_BackupResetCmd
    stm32f10x_can.o(i.CAN_DeInit) refers to stm32f10x_rcc.o(i.RCC_APB1PeriphResetCmd) for RCC_APB1PeriphResetCmd
    stm32f10x_can.o(i.CAN_GetITStatus) refers to stm32f10x_can.o(i.CheckITStatus) for CheckITStatus
    stm32f10x_cec.o(i.CEC_DeInit) refers to stm32f10x_rcc.o(i.RCC_APB1PeriphResetCmd) for RCC_APB1PeriphResetCmd
    stm32f10x_dac.o(i.DAC_DeInit) refers to stm32f10x_rcc.o(i.RCC_APB1PeriphResetCmd) for RCC_APB1PeriphResetCmd
    stm32f10x_flash.o(i.FLASH_EnableWriteProtection) refers to stm32f10x_flash.o(i.FLASH_WaitForLastOperation) for FLASH_WaitForLastOperation
    stm32f10x_flash.o(i.FLASH_EraseAllBank1Pages) refers to stm32f10x_flash.o(i.FLASH_WaitForLastBank1Operation) for FLASH_WaitForLastBank1Operation
    stm32f10x_flash.o(i.FLASH_EraseAllPages) refers to stm32f10x_flash.o(i.FLASH_WaitForLastOperation) for FLASH_WaitForLastOperation
    stm32f10x_flash.o(i.FLASH_EraseOptionBytes) refers to stm32f10x_flash.o(i.FLASH_GetReadOutProtectionStatus) for FLASH_GetReadOutProtectionStatus
    stm32f10x_flash.o(i.FLASH_EraseOptionBytes) refers to stm32f10x_flash.o(i.FLASH_WaitForLastOperation) for FLASH_WaitForLastOperation
    stm32f10x_flash.o(i.FLASH_ErasePage) refers to stm32f10x_flash.o(i.FLASH_WaitForLastOperation) for FLASH_WaitForLastOperation
    stm32f10x_flash.o(i.FLASH_ProgramHalfWord) refers to stm32f10x_flash.o(i.FLASH_WaitForLastOperation) for FLASH_WaitForLastOperation
    stm32f10x_flash.o(i.FLASH_ProgramOptionByteData) refers to stm32f10x_flash.o(i.FLASH_WaitForLastOperation) for FLASH_WaitForLastOperation
    stm32f10x_flash.o(i.FLASH_ProgramWord) refers to stm32f10x_flash.o(i.FLASH_WaitForLastOperation) for FLASH_WaitForLastOperation
    stm32f10x_flash.o(i.FLASH_ReadOutProtection) refers to stm32f10x_flash.o(i.FLASH_WaitForLastOperation) for FLASH_WaitForLastOperation
    stm32f10x_flash.o(i.FLASH_UserOptionByteConfig) refers to stm32f10x_flash.o(i.FLASH_WaitForLastOperation) for FLASH_WaitForLastOperation
    stm32f10x_flash.o(i.FLASH_WaitForLastBank1Operation) refers to stm32f10x_flash.o(i.FLASH_GetBank1Status) for FLASH_GetBank1Status
    stm32f10x_flash.o(i.FLASH_WaitForLastOperation) refers to stm32f10x_flash.o(i.FLASH_GetBank1Status) for FLASH_GetBank1Status
[...]
    OS_RdyListRemove                         0x08005725   Thumb Code    86  os_core.o(i.OS_RdyListRemove)
    OS_Sched0                                0x08005781   Thumb Code    72  os_core.o(i.OS_Sched0)
    OS_SchedLockTimeMeasStart                0x080057dd   Thumb Code    20  os_core.o(i.OS_SchedLockTimeMeasStart)
    OS_SchedLockTimeMeasStop                 0x080057f9   Thumb Code    44  os_core.o(i.OS_SchedLockTimeMeasStop)
    OS_SchedRoundRobin                       0x08005835   Thumb Code   218  os_core.o(i.OS_SchedRoundRobin)
    OS_SemDbgListAdd                         0x08005921   Thumb Code    38  os_sem.o(i.OS_SemDbgListAdd)
    OS_SemInit                               0x08005951   Thumb Code    14  os_sem.o(i.OS_SemInit)
    OS_SemPost                               0x08005969   Thumb Code   404  os_sem.o(i.OS_SemPost)
    OS_StatTask                              0x08005b01   Thumb Code   878  os_stat.o(i.OS_StatTask)
    OS_StatTaskInit                          0x08005eb9   Thumb Code   136  os_stat.o(i.OS_StatTaskInit)
    OS_TaskBlock                             0x08005f85   Thumb Code    56  os_core.o(i.OS_TaskBlock)
    OS_TaskDbgListAdd                        0x08005fbd   Thumb Code    42  os_task.o(i.OS_TaskDbgListAdd)
    OS_TaskDbgListRemove                     0x08005fed   Thumb Code    64  os_task.o(i.OS_TaskDbgListRemove)
    OS_TaskInit                              0x08006031   Thumb Code    18  os_task.o(i.OS_TaskInit)
    OS_TaskInitTCB                           0x08006051   Thumb Code   194  os_task.o(i.OS_TaskInitTCB)
    OS_TaskQPost                             0x08006121   Thumb Code   606  os_task.o(i.OS_TaskQPost)
    OS_TaskRdy                               0x0800638d   Thumb Code    28  os_core.o(i.OS_TaskRdy)
    OS_TaskResume                            0x080063a9   Thumb Code   374  os_task.o(i.OS_TaskResume)
    OS_TaskReturn                            0x08006525   Thumb Code    20  os_task.o(i.OS_TaskReturn)
    OS_TaskSemPost                           0x0800653d   Thumb Code  1438  os_task.o(i.OS_TaskSemPost)
    OS_TaskSuspend                           0x08006ae5   Thumb Code   392  os_task.o(i.OS_TaskSuspend)
    OS_TickListInit                          0x08006c75   Thumb Code    32  os_tick.o(i.OS_TickListInit)
    OS_TickListInsert                        0x08006c9d   Thumb Code   430  os_tick.o(i.OS_TickListInsert)
    OS_TickListRemove                        0x08006e59   Thumb Code    56  os_tick.o(i.OS_TickListRemove)
    OS_TickListResetPeak                     0x08006e91   Thumb Code    28  os_tick.o(i.OS_TickListResetPeak)
    OS_TickListUpdate                        0x08006eb5   Thumb Code   520  os_tick.o(i.OS_TickListUpdate)
    OS_TickTask                              0x080070d5   Thumb Code    38  os_tick.o(i.OS_TickTask)
    OS_TickTaskInit                          0x08007101   Thumb Code   128  os_tick.o(i.OS_TickTaskInit)
    OS_TmrInit                               0x080071b9   Thumb Code   206  os_tmr.o(i.OS_TmrInit)
    OS_TmrLink                               0x080072e1   Thumb Code   196  os_tmr.o(i.OS_TmrLink)
    OS_TmrResetPeak                          0x080073b1   Thumb Code    28  os_tmr.o(i.OS_TmrResetPeak)
    OS_TmrTask                               0x080073d5   Thumb Code   176  os_tmr.o(i.OS_TmrTask)
    OS_TmrUnlink                             0x08007495   Thumb Code    72  os_tmr.o(i.OS_TmrUnlink)
    PID_Postion_Cal                          0x080074e5   Thumb Code   150  pid.o(i.PID_Postion_Cal)
    PidParameter_init                        0x0800757d   Thumb Code    90  pid.o(i.PidParameter_init)
    Prepare_Data                             0x08007615   Thumb Code   340  imu.o(i.Prepare_Data)
    QuiteSort                                0x0800779d   Thumb Code    56  filter.o(i.QuiteSort)
    RCC_APB1PeriphClockCmd                   0x080077d5   Thumb Code    26  stm32f10x_rcc.o(i.RCC_APB1PeriphClockCmd)
    RCC_APB1PeriphResetCmd                   0x080077f5   Thumb Code    26  stm32f10x_rcc.o(i.RCC_APB1PeriphResetCmd)
    RCC_APB2PeriphClockCmd                   0x08007815   Thumb Code    26  stm32f10x_rcc.o(i.RCC_APB2PeriphClockCmd)
    RCC_APB2PeriphResetCmd                   0x08007835   Thumb Code    26  stm32f10x_rcc.o(i.RCC_APB2PeriphResetCmd)
    RCC_GetClocksFreq                        0x08007855   Thumb Code   192  stm32f10x_rcc.o(i.RCC_GetClocksFreq)
    RGB_LED_Write0                           0x08007929   Thumb Code   100  bsp_led.o(i.RGB_LED_Write0)
    RGB_LED_Write0_2                         0x08007991   Thumb Code    96  bsp_led.o(i.RGB_LED_Write0_2)
    RGB_LED_Write1                           0x080079f5   Thumb Code    92  bsp_led.o(i.RGB_LED_Write1)
    RGB_LED_Write1_2                         0x08007a55   Thumb Code    88  bsp_led.o(i.RGB_LED_Write1_2)
    RGB_LED_Write_24Bits                     0x08007ab1   Thumb Code    28  bsp_led.o(i.RGB_LED_Write_24Bits)
    RGB_LED_Write_24Bits_2                   0x08007acd   Thumb Code    36  bsp_led.o(i.RGB_LED_Write_24Bits_2)
    RGB_LED_Write_Byte                       0x08007af1   Thumb Code    38  bsp_led.o(i.RGB_LED_Write_Byte)
    RGB_LED_Write_Byte2                      0x08007b17   Thumb Code    38  bsp_led.o(i.RGB_LED_Write_Byte2)
    SDA_IN                                   0x08007b3d   Thumb Code    32  iic.o(i.SDA_IN)
    SDA_OUT                                  0x08007b61   Thumb Code    38  iic.o(i.SDA_OUT)
    SVC_Handler                              0x08007b8d   Thumb Code     2  stm32f10x_it.o(i.SVC_Handler)
    SortAver_Filter                          0x08007c79   Thumb Code   132  filter.o(i.SortAver_Filter)
    SortAver_Filter1                         0x08007d09   Thumb Code   130  filter.o(i.SortAver_Filter1)
    SortAver_FilterXYZ                       0x08007d99   Thumb Code   264  filter.o(i.SortAver_FilterXYZ)
    SysTick_CLKSourceConfig                  0x08007eb5   Thumb Code    40  misc.o(i.SysTick_CLKSourceConfig)
    SystemInit                               0x08007edd   Thumb Code    78  system_stm32f10x.o(i.SystemInit)
    TIM_Cmd                                  0x08007f3d   Thumb Code    24  stm32f10x_tim.o(i.TIM_Cmd)
    TIM_CtrlPWMOutputs                       0x08007f55   Thumb Code    30  stm32f10x_tim.o(i.TIM_CtrlPWMOutputs)
    TIM_OC1Init                              0x08007f75   Thumb Code   132  stm32f10x_tim.o(i.TIM_OC1Init)
    TIM_OC1PreloadConfig                     0x0800800d   Thumb Code    18  stm32f10x_tim.o(i.TIM_OC1PreloadConfig)
    TIM_OC2Init                              0x08008021   Thumb Code   154  stm32f10x_tim.o(i.TIM_OC2Init)
    TIM_OC2PreloadConfig                     0x080080c5   Thumb Code    26  stm32f10x_tim.o(i.TIM_OC2PreloadConfig)
    TIM_OC3Init                              0x080080e1   Thumb Code   150  stm32f10x_tim.o(i.TIM_OC3Init)
    TIM_OC3PreloadConfig                     0x08008181   Thumb Code    18  stm32f10x_tim.o(i.TIM_OC3PreloadConfig)
    TIM_OC4Init                              0x08008195   Thumb Code   114  stm32f10x_tim.o(i.TIM_OC4Init)
    TIM_OC4PreloadConfig                     0x08008211   Thumb Code    26  stm32f10x_tim.o(i.TIM_OC4PreloadConfig)
    TIM_TimeBaseInit                         0x0800822d   Thumb Code   122  stm32f10x_tim.o(i.TIM_TimeBaseInit)
    USART1_IRQHandler                        0x080082d1   Thumb Code    94  usart.o(i.USART1_IRQHandler)
    USART2_IRQHandler                        0x0800833d   Thumb Code    94  usart2.o(i.USART2_IRQHandler)
    USART_Cmd                                0x080083a9   Thumb Code    24  stm32f10x_usart.o(i.USART_Cmd)
    USART_DeInit                             0x080083c1   Thumb Code   134  stm32f10x_usart.o(i.USART_DeInit)
    USART_GetITStatus                        0x0800845d   Thumb Code    84  stm32f10x_usart.o(i.USART_GetITStatus)
    USART_ITConfig                           0x080084b1   Thumb Code    74  stm32f10x_usart.o(i.USART_ITConfig)
    USART_Init                               0x080084fd   Thumb Code   210  stm32f10x_usart.o(i.USART_Init)
    USART_ReceiveData                        0x080085d5   Thumb Code    10  stm32f10x_usart.o(i.USART_ReceiveData)
    UsageFault_Handler                       0x080085df   Thumb Code     4  stm32f10x_it.o(i.UsageFault_Handler)
    __ARM_fpclassify                         0x080085e3   Thumb Code    40  fpclassify.o(i.__ARM_fpclassify)
    __kernel_poly                            0x0800860b   Thumb Code   170  poly.o(i.__kernel_poly)
    __mathlib_dbl_infnan                     0x080086b5   Thumb Code     6  dunder.o(i.__mathlib_dbl_infnan)
    __mathlib_dbl_infnan2                    0x080086bb   Thumb Code     4  dunder.o(i.__mathlib_dbl_infnan2)
    __mathlib_dbl_invalid                    0x080086bf   Thumb Code    12  dunder.o(i.__mathlib_dbl_invalid)
    __mathlib_dbl_underflow                  0x080086cd   Thumb Code    10  dunder.o(i.__mathlib_dbl_underflow)
    _sys_exit                                0x080086dd   Thumb Code     4  usart.o(i._sys_exit)
    asin                                     0x080086e1   Thumb Code   572  asin.o(i.asin)
    atan                                     0x08008951   Thumb Code   474  atan.o(i.atan)
    atan2                                    0x08008b71   Thumb Code   374  atan2.o(i.atan2)
    delay_init                               0x08008d0d   Thumb Code    92  delay.o(i.delay_init)
    delay_ms                                 0x08008d7d   Thumb Code    66  delay.o(i.delay_ms)
    delay_osschedlock                        0x08008dcd   Thumb Code    10  delay.o(i.delay_osschedlock)
    delay_osschedunlock                      0x08008dd7   Thumb Code    10  delay.o(i.delay_osschedunlock)
    delay_ostimedly                          0x08008de1   Thumb Code    16  delay.o(i.delay_ostimedly)
    delay_us                                 0x08008df1   Thumb Code    86  delay.o(i.delay_us)
    main                                     0x08008e99   Thumb Code    68  app.o(i.main)
    mypow                                    0x08008ef9   Thumb Code    22  oled.o(i.mypow)
    sqrt                                     0x08008f0f   Thumb Code    76  sqrt.o(i.sqrt)
    uart_init                                0x08008f5d   Thumb Code   152  usart.o(i.uart_init)
    usart2_init                              0x08008ffd   Thumb Code   160  usart2.o(i.usart2_init)
    __aeabi_d2f                              0x080090a5   Thumb Code     0  d2f.o(x$fpl$d2f)
    _d2f                                     0x080090a5   Thumb Code    98  d2f.o(x$fpl$d2f)
    __aeabi_dadd                             0x08009109   Thumb Code     0  daddsub_clz.o(x$fpl$dadd)
    _dadd                                    0x08009109   Thumb Code   332  daddsub_clz.o(x$fpl$dadd)
    __fpl_dcheck_NaN1                        0x08009259   Thumb Code    10  dcheck1.o(x$fpl$dcheck1)
    __fpl_dcmp_Inf                           0x08009269   Thumb Code    24  dcmpi.o(x$fpl$dcmpinf)
    __aeabi_ddiv                             0x08009281   Thumb Code     0  ddiv.o(x$fpl$ddiv)
    _ddiv                                    0x08009281   Thumb Code   552  ddiv.o(x$fpl$ddiv)
    __aeabi_cdcmpeq                          0x08009531   Thumb Code     0  deqf.o(x$fpl$deqf)
    _dcmpeq                                  0x08009531   Thumb Code   120  deqf.o(x$fpl$deqf)
    __aeabi_i2d                              0x080095a9   Thumb Code     0  dflt_clz.o(x$fpl$dflt)
    _dflt                                    0x080095a9   Thumb Code    46  dflt_clz.o(x$fpl$dflt)
    __aeabi_dmul                             0x080095d9   Thumb Code     0  dmul.o(x$fpl$dmul)
    _dmul                                    0x080095d9   Thumb Code   332  dmul.o(x$fpl$dmul)
    __fpl_dnaninf                            0x0800972d   Thumb Code   156  dnaninf.o(x$fpl$dnaninf)
    __fpl_dretinf                            0x080097c9   Thumb Code    12  dretinf.o(x$fpl$dretinf)
    __aeabi_drsub                            0x080097d5   Thumb Code     0  daddsub_clz.o(x$fpl$drsb)
    _drsb                                    0x080097d5   Thumb Code    22  daddsub_clz.o(x$fpl$drsb)
    _dsqrt                                   0x080097ed   Thumb Code   456  dsqrt_noumaal.o(x$fpl$dsqrt)
    __aeabi_dsub                             0x080099b9   Thumb Code     0  daddsub_clz.o(x$fpl$dsub)
    _dsub                                    0x080099b9   Thumb Code   464  daddsub_clz.o(x$fpl$dsub)
    __aeabi_f2d                              0x08009b8d   Thumb Code     0  f2d.o(x$fpl$f2d)
    _f2d                                     0x08009b8d   Thumb Code    86  f2d.o(x$fpl$f2d)
    __aeabi_fadd                             0x08009be5   Thumb Code     0  faddsub_clz.o(x$fpl$fadd)
    _fadd                                    0x08009be5   Thumb Code   196  faddsub_clz.o(x$fpl$fadd)
    __fpl_fcmp_Inf                           0x08009ca9   Thumb Code    24  fcmpi.o(x$fpl$fcmpinf)
    __aeabi_fdiv                             0x08009cc1   Thumb Code     0  fdiv.o(x$fpl$fdiv)
    _fdiv                                    0x08009cc1   Thumb Code   384  fdiv.o(x$fpl$fdiv)
    __aeabi_cfcmpeq                          0x08009e45   Thumb Code     0  feqf.o(x$fpl$feqf)
    _fcmpeq                                  0x08009e45   Thumb Code   104  feqf.o(x$fpl$feqf)
    __aeabi_f2iz                             0x08009ead   Thumb Code     0  ffix.o(x$fpl$ffix)
    _ffix                                    0x08009ead   Thumb Code    54  ffix.o(x$fpl$ffix)
    __aeabi_i2f                              0x08009ee5   Thumb Code     0  fflt_clz.o(x$fpl$fflt)
    _fflt                                    0x08009ee5   Thumb Code    48  fflt_clz.o(x$fpl$fflt)
    __aeabi_ui2f                             0x08009f15   Thumb Code     0  fflt_clz.o(x$fpl$ffltu)
    _ffltu                                   0x08009f15   Thumb Code    38  fflt_clz.o(x$fpl$ffltu)
    __aeabi_cfcmple                          0x08009f3d   Thumb Code     0  fleqf.o(x$fpl$fleqf)
    _fcmple                                  0x08009f3d   Thumb Code   104  fleqf.o(x$fpl$fleqf)
    __fpl_fcmple_InfNaN                      0x08009f8f   Thumb Code     0  fleqf.o(x$fpl$fleqf)
    __aeabi_fmul                             0x08009fa5   Thumb Code     0  fmul.o(x$fpl$fmul)
    _fmul                                    0x08009fa5   Thumb Code   258  fmul.o(x$fpl$fmul)
    __fpl_fnaninf                            0x0800a0a7   Thumb Code   140  fnaninf.o(x$fpl$fnaninf)
    __fpl_fretinf                            0x0800a133   Thumb Code    10  fretinf.o(x$fpl$fretinf)
    __aeabi_cfrcmple                         0x0800a13d   Thumb Code     0  frleqf.o(x$fpl$frleqf)
    _frcmple                                 0x0800a13d   Thumb Code    98  frleqf.o(x$fpl$frleqf)
    __aeabi_frsub                            0x0800a19f   Thumb Code     0  faddsub_clz.o(x$fpl$frsb)
    _frsb                                    0x0800a19f   Thumb Code    20  faddsub_clz.o(x$fpl$frsb)
    __aeabi_fsub                             0x0800a1b5   Thumb Code     0  faddsub_clz.o(x$fpl$fsub)
    _fsub                                    0x0800a1b5   Thumb Code   234  faddsub_clz.o(x$fpl$fsub)
    __fpl_return_NaN                         0x0800a29f   Thumb Code   100  retnan.o(x$fpl$retnan)
    __ARM_scalbn                             0x0800a303   Thumb Code    92  scalbn.o(x$fpl$scalbn)
    __fpl_cmpreturn                          0x0800a35f   Thumb Code    48  trapv.o(x$fpl$trapveneer)
    __I$use$fp                               0x0800a38e   Number         0  usenofp.o(x$fpl$usenofp)
    OSCfg_IdleTaskStkBasePtr                 0x0800a390   Data           4  os_cfg_app.o(.constdata)
    OSCfg_IdleTaskStkLimit                   0x0800a394   Data           4  os_cfg_app.o(.constdata)
    OSCfg_IdleTaskStkSize                    0x0800a398   Data           4  os_cfg_app.o(.constdata)
    OSCfg_IdleTaskStkSizeRAM                 0x0800a39c   Data           4  os_cfg_app.o(.constdata)
    OSCfg_IntQBasePtr                        0x0800a3a0   Data           4  os_cfg_app.o(.constdata)
    OSCfg_IntQSize                           0x0800a3a4   Data           2  os_cfg_app.o(.constdata)
    OSCfg_IntQSizeRAM                        0x0800a3a8   Data           4  os_cfg_app.o(.constdata)
    OSCfg_IntQTaskStkBasePtr                 0x0800a3ac   Data           4  os_cfg_app.o(.constdata)
    OSCfg_IntQTaskStkLimit                   0x0800a3b0   Data           4  os_cfg_app.o(.constdata)
    OSCfg_IntQTaskStkSize                    0x0800a3b4   Data           4  os_cfg_app.o(.constdata)
    OSCfg_IntQTaskStkSizeRAM                 0x0800a3b8   Data           4  os_cfg_app.o(.constdata)
    OSCfg_ISRStkBasePtr                      0x0800a3bc   Data           4  os_cfg_app.o(.constdata)
    OSCfg_ISRStkSize                         0x0800a3c0   Data           4  os_cfg_app.o(.constdata)
    OSCfg_ISRStkSizeRAM                      0x0800a3c4   Data           4  os_cfg_app.o(.constdata)
    OSCfg_MsgPoolSize                        0x0800a3c8   Data           2  os_cfg_app.o(.constdata)
    OSCfg_MsgPoolSizeRAM                     0x0800a3cc   Data           4  os_cfg_app.o(.constdata)
    OSCfg_MsgPoolBasePtr                     0x0800a3d0   Data           4  os_cfg_app.o(.constdata)
    OSCfg_StatTaskPrio                       0x0800a3d4   Data           1  os_cfg_app.o(.constdata)
    OSCfg_StatTaskRate_Hz                    0x0800a3d8   Data           4  os_cfg_app.o(.constdata)
    OSCfg_StatTaskStkBasePtr                 0x0800a3dc   Data           4  os_cfg_app.o(.constdata)
    OSCfg_StatTaskStkLimit                   0x0800a3e0   Data           4  os_cfg_app.o(.constdata)
    OSCfg_StatTaskStkSize                    0x0800a3e4   Data           4  os_cfg_app.o(.constdata)
    OSCfg_StatTaskStkSizeRAM                 0x0800a3e8   Data           4  os_cfg_app.o(.constdata)
    OSCfg_StkSizeMin                         0x0800a3ec   Data           4  os_cfg_app.o(.constdata)
    OSCfg_TickRate_Hz                        0x0800a3f0   Data           4  os_cfg_app.o(.constdata)
    OSCfg_TickTaskPrio                       0x0800a3f4   Data           1  os_cfg_app.o(.constdata)
    OSCfg_TickTaskStkBasePtr                 0x0800a3f8   Data           4  os_cfg_app.o(.constdata)
    OSCfg_TickTaskStkLimit                   0x0800a3fc   Data           4  os_cfg_app.o(.constdata)
    OSCfg_TickTaskStkSize                    0x0800a400   Data           4  os_cfg_app.o(.constdata)
    OSCfg_TickTaskStkSizeRAM                 0x0800a404   Data           4  os_cfg_app.o(.constdata)
    OSCfg_TickWheelSize                      0x0800a408   Data           2  os_cfg_app.o(.constdata)
    OSCfg_TickWheelSizeRAM                   0x0800a40c   Data           4  os_cfg_app.o(.constdata)
    OSCfg_TmrTaskPrio                        0x0800a410   Data           1  os_cfg_app.o(.constdata)
    OSCfg_TmrTaskRate_Hz                     0x0800a414   Data           4  os_cfg_app.o(.constdata)
    OSCfg_TmrTaskStkBasePtr                  0x0800a418   Data           4  os_cfg_app.o(.constdata)
    OSCfg_TmrTaskStkLimit                    0x0800a41c   Data           4  os_cfg_app.o(.constdata)
    OSCfg_TmrTaskStkSize                     0x0800a420   Data           4  os_cfg_app.o(.constdata)
    OSCfg_TmrTaskStkSizeRAM                  0x0800a424   Data           4  os_cfg_app.o(.constdata)
    OSCfg_TmrWheelSize                       0x0800a428   Data           2  os_cfg_app.o(.constdata)
    OSCfg_TmrWheelSizeRAM                    0x0800a42c   Data           4  os_cfg_app.o(.constdata)
    OSCfg_DataSizeRAM                        0x0800a430   Data           4  os_cfg_app.o(.constdata)
    OSDbg_DbgEn                              0x0800a434   Data           1  os_dbg.o(.constdata)
    OSDbg_ArgChkEn                           0x0800a435   Data           1  os_dbg.o(.constdata)
    OSDbg_AppHooksEn                         0x0800a436   Data           1  os_dbg.o(.constdata)
    OSDbg_EndiannessTest                     0x0800a438   Data           4  os_dbg.o(.constdata)
    OSDbg_CalledFromISRChkEn                 0x0800a43c   Data           1  os_dbg.o(.constdata)
    OSDbg_FlagEn                             0x0800a43d   Data           1  os_dbg.o(.constdata)
    OSDbg_FlagGrp                            0x0800a440   Data          40  os_dbg.o(.constdata)
    OSDbg_FlagDelEn                          0x0800a468   Data           1  os_dbg.o(.constdata)
    OSDbg_FlagModeClrEn                      0x0800a469   Data           1  os_dbg.o(.constdata)
    OSDbg_FlagPendAbortEn                    0x0800a46a   Data           1  os_dbg.o(.constdata)
    OSDbg_FlagGrpSize                        0x0800a46c   Data           2  os_dbg.o(.constdata)
    OSDbg_FlagWidth                          0x0800a46e   Data           2  os_dbg.o(.constdata)
    OSDbg_IntQ                               0x0800a470   Data           2  os_dbg.o(.constdata)
    OSDbg_ISRPostDeferredEn                  0x0800a472   Data           1  os_dbg.o(.constdata)
    OSDbg_Mem                                0x0800a474   Data          32  os_dbg.o(.constdata)
    OSDbg_MemEn                              0x0800a494   Data           1  os_dbg.o(.constdata)
    OSDbg_MemSize                            0x0800a496   Data           2  os_dbg.o(.constdata)
    OSDbg_MsgEn                              0x0800a498   Data           1  os_dbg.o(.constdata)
    OSDbg_MsgSize                            0x0800a49a   Data           2  os_dbg.o(.constdata)
    OSDbg_MsgPoolSize                        0x0800a49c   Data           2  os_dbg.o(.constdata)
    OSDbg_MsgQSize                           0x0800a49e   Data           2  os_dbg.o(.constdata)
    OSDbg_Mutex                              0x0800a4a0   Data          44  os_dbg.o(.constdata)
    OSDbg_MutexEn                            0x0800a4cc   Data           1  os_dbg.o(.constdata)
    OSDbg_MutexDelEn                         0x0800a4cd   Data           1  os_dbg.o(.constdata)
    OSDbg_MutexPendAbortEn                   0x0800a4ce   Data           1  os_dbg.o(.constdata)
    OSDbg_MutexSize                          0x0800a4d0   Data           2  os_dbg.o(.constdata)
    OSDbg_ObjTypeChkEn                       0x0800a4d2   Data           1  os_dbg.o(.constdata)
    OSDbg_PendMultiEn                        0x0800a4d3   Data           1  os_dbg.o(.constdata)
    OSDbg_PendDataSize                       0x0800a4d4   Data           2  os_dbg.o(.constdata)
    OSDbg_PendListSize                       0x0800a4d6   Data           2  os_dbg.o(.constdata)
    OSDbg_PendObjSize                        0x0800a4d8   Data           2  os_dbg.o(.constdata)
    OSDbg_PrioMax                            0x0800a4da   Data           2  os_dbg.o(.constdata)
    OSDbg_PrioTblSize                        0x0800a4dc   Data           2  os_dbg.o(.constdata)
    OSDbg_PtrSize                            0x0800a4de   Data           2  os_dbg.o(.constdata)
    OSDbg_Q                                  0x0800a4e0   Data          48  os_dbg.o(.constdata)
    OSDbg_QEn                                0x0800a510   Data           1  os_dbg.o(.constdata)
    OSDbg_QDelEn                             0x0800a511   Data           1  os_dbg.o(.constdata)
    OSDbg_QFlushEn                           0x0800a512   Data           1  os_dbg.o(.constdata)
    OSDbg_QPendAbortEn                       0x0800a513   Data           1  os_dbg.o(.constdata)
    OSDbg_QSize                              0x0800a514   Data           2  os_dbg.o(.constdata)
    OSDbg_SchedRoundRobinEn                  0x0800a516   Data           1  os_dbg.o(.constdata)
    OSDbg_Sem                                0x0800a518   Data          40  os_dbg.o(.constdata)
    OSDbg_SemEn                              0x0800a540   Data           1  os_dbg.o(.constdata)
    OSDbg_SemDelEn                           0x0800a541   Data           1  os_dbg.o(.constdata)
    OSDbg_SemPendAbortEn                     0x0800a542   Data           1  os_dbg.o(.constdata)
    OSDbg_SemSetEn                           0x0800a543   Data           1  os_dbg.o(.constdata)
    OSDbg_SemSize                            0x0800a544   Data           2  os_dbg.o(.constdata)
    OSDbg_RdyList                            0x0800a546   Data           2  os_dbg.o(.constdata)
    OSDbg_RdyListSize                        0x0800a548   Data           4  os_dbg.o(.constdata)
    OSDbg_StkWidth                           0x0800a54c   Data           1  os_dbg.o(.constdata)
    OSDbg_StatTaskEn                         0x0800a54d   Data           1  os_dbg.o(.constdata)
    OSDbg_StatTaskStkChkEn                   0x0800a54e   Data           1  os_dbg.o(.constdata)
    OSDbg_TaskChangePrioEn                   0x0800a54f   Data           1  os_dbg.o(.constdata)
    OSDbg_TaskDelEn                          0x0800a550   Data           1  os_dbg.o(.constdata)
    OSDbg_TaskQEn                            0x0800a551   Data           1  os_dbg.o(.constdata)
    OSDbg_TaskQPendAbortEn                   0x0800a552   Data           1  os_dbg.o(.constdata)
    OSDbg_TaskProfileEn                      0x0800a553   Data           1  os_dbg.o(.constdata)
    OSDbg_TaskRegTblSize                     0x0800a554   Data           2  os_dbg.o(.constdata)
    OSDbg_TaskSemPendAbortEn                 0x0800a556   Data           1  os_dbg.o(.constdata)
    OSDbg_TaskSuspendEn                      0x0800a557   Data           1  os_dbg.o(.constdata)
    OSDbg_TCBSize                            0x0800a558   Data           2  os_dbg.o(.constdata)
    OSDbg_TickSpokeSize                      0x0800a55a   Data           2  os_dbg.o(.constdata)
    OSDbg_TimeDlyHMSMEn                      0x0800a55c   Data           1  os_dbg.o(.constdata)
    OSDbg_TimeDlyResumeEn                    0x0800a55d   Data           1  os_dbg.o(.constdata)
    OSDbg_TLS_TblSize                        0x0800a55e   Data           2  os_dbg.o(.constdata)
    OSDbg_Tmr                                0x0800a560   Data          52  os_dbg.o(.constdata)
    OSDbg_TmrEn                              0x0800a594   Data           1  os_dbg.o(.constdata)
    OSDbg_TmrDelEn                           0x0800a595   Data           1  os_dbg.o(.constdata)
    OSDbg_TmrSize                            0x0800a596   Data           2  os_dbg.o(.constdata)
    OSDbg_TmrSpokeSize                       0x0800a598   Data           2  os_dbg.o(.constdata)
    OSDbg_VersionNbr                         0x0800a59a   Data           2  os_dbg.o(.constdata)
    OSDbg_DataSize                           0x0800a59c   Data           4  os_dbg.o(.constdata)
    asc2_1206                                0x0800a5a0   Data        1140  oled.o(.constdata)
    asc2_1608                                0x0800aa14   Data        1520  oled.o(.constdata)
    asc2_2412                                0x0800b004   Data        3420  oled.o(.constdata)
    __mathlib_zero                           0x0800be70   Data           8  qnan.o(.constdata)
    Region$$Table$$Base                      0x0800be78   Number         0  anon$$obj.o(Region$$Table)
    Region$$Table$$Limit                     0x0800be98   Number         0  anon$$obj.o(Region$$Table)
    SystemCoreClock                          0x20000000   Data           4  system_stm32f10x.o(.data)
    AHBPrescTable                            0x20000004   Data          16  system_stm32f10x.o(.data)
    x                                        0x20000028   Data           2  app.o(.data)
    j                                        0x2000002a   Data           2  app.o(.data)
    mark                                     0x2000002c   Data           1  app.o(.data)
    balance_mark                             0x2000002d   Data           1  app.o(.data)
    run_mode                                 0x2000002e   Data           1  app.o(.data)
    state_none                               0x2000002f   Data           1  app.o(.data)
    time_mark                                0x20000030   Data           1  app.o(.data)
    time_cnt                                 0x20000031   Data           1  app.o(.data)
    target_first                             0x20000032   Data           2  app.o(.data)
    target_second                            0x20000034   Data           2  app.o(.data)
    target_third                             0x20000036   Data           2  app.o(.data)
    CPU_TS_TmrFreq_Hz                        0x2000003c   Data           4  cpu_core.o(.data)
    CPU_IntDisMeasCtr                        0x20000040   Data           2  cpu_core.o(.data)
    CPU_IntDisNestCtr                        0x20000042   Data           2  cpu_core.o(.data)
    CPU_IntDisMeasStart_cnts                 0x20000044   Data           4  cpu_core.o(.data)
    CPU_IntDisMeasStop_cnts                  0x20000048   Data           4  cpu_core.o(.data)
    CPU_IntDisMeasOvrhd_cnts                 0x2000004c   Data           4  cpu_core.o(.data)
    CPU_IntDisMeasMaxCur_cnts                0x20000050   Data           4  cpu_core.o(.data)
    CPU_IntDisMeasMax_cnts                   0x20000054   Data           4  cpu_core.o(.data)
    OSPrioTbl                                0x20000058   Data           4  os_prio.o(.data)
    OS_AppTaskCreateHookPtr                  0x2000005c   Data           4  os_var.o(.data)
    OS_AppTaskDelHookPtr                     0x20000060   Data           4  os_var.o(.data)
    OS_AppTaskReturnHookPtr                  0x20000064   Data           4  os_var.o(.data)
    OS_AppIdleTaskHookPtr                    0x20000068   Data           4  os_var.o(.data)
    OS_AppStatTaskHookPtr                    0x2000006c   Data           4  os_var.o(.data)
    OS_AppTaskSwHookPtr                      0x20000070   Data           4  os_var.o(.data)
    OS_AppTimeTickHookPtr                    0x20000074   Data           4  os_var.o(.data)
    OSIdleTaskCtr                            0x20000078   Data           4  os_var.o(.data)
    OSIntNestingCtr                          0x2000007c   Data           1  os_var.o(.data)
    OSIntDisTimeMax                          0x20000080   Data           4  os_var.o(.data)
    OSRunning                                0x20000084   Data           1  os_var.o(.data)
    OSIntQInPtr                              0x20000088   Data           4  os_var.o(.data)
    OSIntQOutPtr                             0x2000008c   Data           4  os_var.o(.data)
    OSIntQNbrEntries                         0x20000090   Data           2  os_var.o(.data)
    OSIntQNbrEntriesMax                      0x20000092   Data           2  os_var.o(.data)
    OSIntQOvfCtr                             0x20000094   Data           2  os_var.o(.data)
    OSIntQTaskTimeMax                        0x20000098   Data           4  os_var.o(.data)
    OSFlagDbgListPtr                         0x2000009c   Data           4  os_var.o(.data)
    OSFlagQty                                0x200000a0   Data           2  os_var.o(.data)
    OSMemDbgListPtr                          0x200000a4   Data           4  os_var.o(.data)
    OSMemQty                                 0x200000a8   Data           2  os_var.o(.data)
    OSMutexDbgListPtr                        0x200000ac   Data           4  os_var.o(.data)
    OSMutexQty                               0x200000b0   Data           2  os_var.o(.data)
    OSPrioCur                                0x200000b2   Data           1  os_var.o(.data)
    OSPrioHighRdy                            0x200000b3   Data           1  os_var.o(.data)
    OSPrioSaved                              0x200000b4   Data           1  os_var.o(.data)
    OSQDbgListPtr                            0x200000b8   Data           4  os_var.o(.data)
    OSQQty                                   0x200000bc   Data           2  os_var.o(.data)
    OSSchedLockTimeBegin                     0x200000c0   Data           4  os_var.o(.data)
    OSSchedLockTimeMax                       0x200000c4   Data           4  os_var.o(.data)
    OSSchedLockTimeMaxCur                    0x200000c8   Data           4  os_var.o(.data)
    OSSchedLockNestingCtr                    0x200000cc   Data           1  os_var.o(.data)
    OSSchedRoundRobinDfltTimeQuanta          0x200000d0   Data           4  os_var.o(.data)
    OSSchedRoundRobinEn                      0x200000d4   Data           1  os_var.o(.data)
    OSSemDbgListPtr                          0x200000d8   Data           4  os_var.o(.data)
    OSSemQty                                 0x200000dc   Data           2  os_var.o(.data)
    OSStatResetFlag                          0x200000de   Data           1  os_var.o(.data)
    OSStatTaskCPUUsage                       0x200000e0   Data           2  os_var.o(.data)
    OSStatTaskCPUUsageMax                    0x200000e2   Data           2  os_var.o(.data)
    OSStatTaskCtr                            0x200000e4   Data           4  os_var.o(.data)
    OSStatTaskCtrMax                         0x200000e8   Data           4  os_var.o(.data)
    OSStatTaskCtrRun                         0x200000ec   Data           4  os_var.o(.data)
    OSStatTaskRdy                            0x200000f0   Data           1  os_var.o(.data)
    OSStatTaskTimeMax                        0x200000f4   Data           4  os_var.o(.data)
    OSTaskCtxSwCtr                           0x200000f8   Data           4  os_var.o(.data)
    OSTaskDbgListPtr                         0x200000fc   Data           4  os_var.o(.data)
    OSTaskQty                                0x20000100   Data           2  os_var.o(.data)
    OSTaskRegNextAvailID                     0x20000102   Data           1  os_var.o(.data)
    OSTickCtr                                0x20000104   Data           4  os_var.o(.data)
    OSTickTaskTimeMax                        0x20000108   Data           4  os_var.o(.data)
    OSTmrDbgListPtr                          0x2000010c   Data           4  os_var.o(.data)
    OSTmrQty                                 0x20000110   Data           2  os_var.o(.data)
    OSTmrTaskTimeMax                         0x20000114   Data           4  os_var.o(.data)
    OSTmrTickCtr                             0x20000118   Data           4  os_var.o(.data)
    OSTmrUpdateCnt                           0x2000011c   Data           4  os_var.o(.data)
    OSTmrUpdateCtr                           0x20000120   Data           4  os_var.o(.data)
    OSTCBCurPtr                              0x20000124   Data           4  os_var.o(.data)
    OSTCBHighRdyPtr                          0x20000128   Data           4  os_var.o(.data)
    OS_CPU_ExceptStkBase                     0x2000012c   Data           4  os_cpu_c.o(.data)
    GYRO_OFFSET_RAW                          0x20000130   Data           6  mpu6050.o(.data)
    ACC_OFFSET_RAW                           0x20000136   Data           6  mpu6050.o(.data)
    MPU6050_ACC_RAW                          0x2000013c   Data           6  mpu6050.o(.data)
    MPU6050_GYRO_RAW                         0x20000142   Data           6  mpu6050.o(.data)
    SENSER_OFFSET_FLAG                       0x20000148   Data           1  mpu6050.o(.data)
    angle_rol                                0x2000015c   Data           4  control.o(.data)
    angle_pit                                0x20000160   Data           4  control.o(.data)
    Moto_PWM_1                               0x20000164   Data           4  control.o(.data)
    Moto_PWM_2                               0x20000168   Data           4  control.o(.data)
    Moto_PWM_3                               0x2000016c   Data           4  control.o(.data)
    Moto_PWM_4                               0x20000170   Data           4  control.o(.data)
    alt_target                               0x20000174   Data           4  control.o(.data)
    AccbUpdate                               0x20000188   Data           1  imu.o(.data)
    q0                                       0x2000018c   Data           4  imu.o(.data)
    q1                                       0x20000190   Data           4  imu.o(.data)
    q2                                       0x20000194   Data           4  imu.o(.data)
    q3                                       0x20000198   Data           4  imu.o(.data)
    exInt                                    0x2000019c   Data           4  imu.o(.data)
    eyInt                                    0x200001a0   Data           4  imu.o(.data)
    ezInt                                    0x200001a4   Data           4  imu.o(.data)
    Aux                                      0x200001b0   Data           4  ms5837.o(.data)
    dT                                       0x200001b4   Data           4  ms5837.o(.data)
    TEMP                                     0x200001b8   Data           4  ms5837.o(.data)
    OFF_                                     0x200001c0   Data           8  ms5837.o(.data)
    SENS                                     0x200001c8   Data           8  ms5837.o(.data)
    D1_Pres                                  0x200001d0   Data           4  ms5837.o(.data)
    D2_Temp                                  0x200001d4   Data           4  ms5837.o(.data)
    Temperature                              0x200001d8   Data           8  ms5837.o(.data)
    Pressure                                 0x200001e0   Data           4  ms5837.o(.data)
    Pressure_old                             0x200001e4   Data           4  ms5837.o(.data)
    OFFi                                     0x200001e8   Data           4  ms5837.o(.data)
    SENSi                                    0x200001ec   Data           4  ms5837.o(.data)
    Ti                                       0x200001f0   Data           4  ms5837.o(.data)
    OFF2                                     0x200001f8   Data           8  ms5837.o(.data)
    SENS2                                    0x20000200   Data           8  ms5837.o(.data)
    TEMP2                                    0x20000208   Data           4  ms5837.o(.data)
    T2                                       0x20000210   Data           8  ms5837.o(.data)
    __stdout                                 0x2000021c   Data           4  usart.o(.data)
    USART_RX_STA                             0x20000220   Data           4  usart.o(.data)
    ms5837_new                               0x200022d4   Data          40  app.o(.bss)
    CPU_Name                                 0x200022fc   Data          16  cpu_core.o(.bss)
    OSCfg_IdleTaskStk                        0x2000230c   Data         512  os_cfg_app.o(.bss)
    OSCfg_IntQ                               0x2000250c   Data         320  os_cfg_app.o(.bss)
    OSCfg_IntQTaskStk                        0x2000264c   Data         512  os_cfg_app.o(.bss)
    OSCfg_ISRStk                             0x2000284c   Data         512  os_cfg_app.o(.bss)
    OSCfg_MsgPool                            0x20002a4c   Data        1600  os_cfg_app.o(.bss)
    OSCfg_StatTaskStk                        0x2000308c   Data         512  os_cfg_app.o(.bss)
    OSCfg_TickTaskStk                        0x2000328c   Data         512  os_cfg_app.o(.bss)
    OSCfg_TickWheel                          0x2000348c   Data         136  os_cfg_app.o(.bss)
    OSCfg_TmrTaskStk                         0x20003514   Data         512  os_cfg_app.o(.bss)
    OSCfg_TmrWheel                           0x20003714   Data         136  os_cfg_app.o(.bss)
    OSIdleTaskTCB                            0x2000379c   Data         200  os_var.o(.bss)
    OSIntQTaskTCB                            0x20003864   Data         200  os_var.o(.bss)
    OSMsgPool                                0x2000392c   Data          12  os_var.o(.bss)
    OSRdyList                                0x20003938   Data         384  os_var.o(.bss)
    OSStatTaskTCB                            0x20003ab8   Data         200  os_var.o(.bss)
    OSTickTaskTCB                            0x20003b80   Data         200  os_var.o(.bss)
    OSTmrTaskTCB                             0x20003c48   Data         200  os_var.o(.bss)
    OLED_GRAM                                0x20003d10   Data        1024  oled.o(.bss)
    PID_Angle                                0x20004120   Data          60  pid.o(.bss)
    PID_Move                                 0x2000415c   Data          60  pid.o(.bss)
    PID_ROL_Angle                            0x20004198   Data          60  control.o(.bss)
    PID_PIT_Angle                            0x200041d4   Data          60  control.o(.bss)
    PID_ALT_Rate                             0x20004210   Data          60  control.o(.bss)
    USART2_RX_BUF                            0x2000424c   Data          40  usart2.o(.bss)
    Att_Angle                                0x200047c4   Data          12  imu.o(.bss)
    Gyr_rad                                  0x200047d0   Data          12  imu.o(.bss)
    Gyr_radold                               0x200047dc   Data          12  imu.o(.bss)
    Acc_filt                                 0x200047e8   Data          12  imu.o(.bss)
    Gry_filt                                 0x200047f4   Data          12  imu.o(.bss)
    Acc_filtold                              0x20004800   Data          12  imu.o(.bss)
    accb                                     0x2000480c   Data          12  imu.o(.bss)
    DCMgb                                    0x20004818   Data          36  imu.o(.bss)
    Cal_C                                    0x2000483c   Data          28  ms5837.o(.bss)
    USART1_RX_BUF                            0x20004858   Data          40  usart.o(.bss)
    __libspace_start                         0x20004880   Data          96  libspace.o(.bss)
    __temporary_stack_top$libspace           0x200048e0   Data           0  libspace.o(.bss)



==============================================================================

Memory Map of the image

  Image Entry point : 0x080000ed

  Load Region LR_IROM1 (Base: 0x08000000, Size: 0x0000c0bc, Max: 0x00010000, ABSOLUTE, COMPRESSED[0x0000bec8])

    Execution Region ER_IROM1 (Exec base: 0x08000000, Load base: 0x08000000, Size: 0x0000be98, Max: 0x00010000, ABSOLUTE)

    Exec Addr    Load Addr    Size         Type   Attr      Idx    E Section Name        Object

    0x08000000   0x08000000   0x000000ec   Data   RO            3    RESET               startup_stm32f10x_md.o
    0x080000ec   0x080000ec   0x00000008   Code   RO         6218  * !!!main             c_w.l(__main.o)
    0x080000f4   0x080000f4   0x00000034   Code   RO         6528    !!!scatter          c_w.l(__scatter.o)
    0x08000128   0x08000128   0x0000005a   Code   RO         6526    !!dczerorl2         c_w.l(__dczerorl2.o)
    0x08000182   0x08000182   0x00000002   PAD
    0x08000184   0x08000184   0x0000001c   Code   RO         6530    !!handler_zi        c_w.l(__scatter_zi.o)
    0x080001a0   0x080001a0   0x00000002   Code   RO         6393    .ARM.Collect$$libinit$$00000000  c_w.l(libinit.o)
    0x080001a2   0x080001a2   0x00000000   Code   RO         6403    .ARM.Collect$$libinit$$00000002  c_w.l(libinit2.o)
    0x080001a2   0x080001a2   0x00000000   Code   RO         6405    .ARM.Collect$$libinit$$00000004  c_w.l(libinit2.o)
    0x080001a2   0x080001a2   0x00000000   Code   RO         6408    .ARM.Collect$$libinit$$0000000A  c_w.l(libinit2.o)
    0x080001a2   0x080001a2   0x00000000   Code   RO         6410    .ARM.Collect$$libinit$$0000000C  c_w.l(libinit2.o)
    0x080001a2   0x080001a2   0x00000000   Code   RO         6412    .ARM.Collect$$libinit$$0000000E  c_w.l(libinit2.o)
    0x080001a2   0x080001a2   0x00000000   Code   RO         6415    .ARM.Collect$$libinit$$00000011  c_w.l(libinit2.o)
    0x080001a2   0x080001a2   0x00000000   Code   RO         6417    .ARM.Collect$$libinit$$00000013  c_w.l(libinit2.o)
    0x080001a2   0x080001a2   0x00000000   Code   RO         6419    .ARM.Collect$$libinit$$00000015  c_w.l(libinit2.o)
    0x080001a2   0x080001a2   0x00000000   Code   RO         6421    .ARM.Collect$$libinit$$00000017  c_w.l(libinit2.o)
    0x080001a2   0x080001a2   0x00000000   Code   RO         6423    .ARM.Collect$$libinit$$00000019  c_w.l(libinit2.o)
    0x080001a2   0x080001a2   0x00000000   Code   RO         6425    .ARM.Collect$$libinit$$0000001B  c_w.l(libinit2.o)
    0x080001a2   0x080001a2   0x00000000   Code   RO         6427    .ARM.Collect$$libinit$$0000001D  c_w.l(libinit2.o)
    0x080001a2   0x080001a2   0x00000000   Code   RO         6429    .ARM.Collect$$libinit$$0000001F  c_w.l(libinit2.o)
    0x080001a2   0x080001a2   0x00000000   Code   RO         6431    .ARM.Collect$$libinit$$00000021  c_w.l(libinit2.o)
    0x080001a2   0x080001a2   0x00000000   Code   RO         6433    .ARM.Collect$$libinit$$00000023  c_w.l(libinit2.o)
    0x080001a2   0x080001a2   0x00000000   Code   RO         6435    .ARM.Collect$$libinit$$00000025  c_w.l(libinit2.o)
    0x080001a2   0x080001a2   0x00000000   Code   RO         6439    .ARM.Collect$$libinit$$0000002C  c_w.l(libinit2.o)
    0x080001a2   0x080001a2   0x00000000   Code   RO         6441    .ARM.Collect$$libinit$$0000002E  c_w.l(libinit2.o)
    0x080001a2   0x080001a2   0x00000000   Code   RO         6443    .ARM.Collect$$libinit$$00000030  c_w.l(libinit2.o)
    0x080001a2   0x080001a2   0x00000000   Code   RO         6445    .ARM.Collect$$libinit$$00000032  c_w.l(libinit2.o)
    0x080001a2   0x080001a2   0x00000002   Code   RO         6446    .ARM.Collect$$libinit$$00000033  c_w.l(libinit2.o)
    0x080001a4   0x080001a4   0x00000002   Code   RO         6476    .ARM.Collect$$libshutdown$$00000000  c_w.l(libshutdown.o)
    0x080001a6   0x080001a6   0x00000000   Code   RO         6490    .ARM.Collect$$libshutdown$$00000002  c_w.l(libshutdown2.o)
    0x080001a6   0x080001a6   0x00000000   Code   RO         6492    .ARM.Collect$$libshutdown$$00000004  c_w.l(libshutdown2.o)
    0x080001a6   0x080001a6   0x00000000   Code   RO         6494    .ARM.Collect$$libshutdown$$00000006  c_w.l(libshutdown2.o)
    0x080001a6   0x080001a6   0x00000000   Code   RO         6497    .ARM.Collect$$libshutdown$$00000009  c_w.l(libshutdown2.o)
    0x080001a6   0x080001a6   0x00000000   Code   RO         6500    .ARM.Collect$$libshutdown$$0000000C  c_w.l(libshutdown2.o)
    0x080001a6   0x080001a6   0x00000000   Code   RO         6502    .ARM.Collect$$libshutdown$$0000000E  c_w.l(libshutdown2.o)
    0x080001a6   0x080001a6   0x00000000   Code   RO         6505    .ARM.Collect$$libshutdown$$00000011  c_w.l(libshutdown2.o)
    0x080001a6   0x080001a6   0x00000002   Code   RO         6506    .ARM.Collect$$libshutdown$$00000012  c_w.l(libshutdown2.o)
    0x080001a8   0x080001a8   0x00000000   Code   RO         6284    .ARM.Collect$$rtentry$$00000000  c_w.l(__rtentry.o)
    0x080001a8   0x080001a8   0x00000000   Code   RO         6348    .ARM.Collect$$rtentry$$00000002  c_w.l(__rtentry2.o)
    0x080001a8   0x080001a8   0x00000006   Code   RO         6360    .ARM.Collect$$rtentry$$00000004  c_w.l(__rtentry4.o)
    0x080001ae   0x080001ae   0x00000000   Code   RO         6350    .ARM.Collect$$rtentry$$00000009  c_w.l(__rtentry2.o)
    0x080001ae   0x080001ae   0x00000004   Code   RO         6351    .ARM.Collect$$rtentry$$0000000A  c_w.l(__rtentry2.o)
    0x080001b2   0x080001b2   0x00000000   Code   RO         6353    .ARM.Collect$$rtentry$$0000000C  c_w.l(__rtentry2.o)
    0x080001b2   0x080001b2   0x00000008   Code   RO         6354    .ARM.Collect$$rtentry$$0000000D  c_w.l(__rtentry2.o)
    0x080001ba   0x080001ba   0x00000002   Code   RO         6396    .ARM.Collect$$rtexit$$00000000  c_w.l(rtexit.o)
    0x080001bc   0x080001bc   0x00000000   Code   RO         6450    .ARM.Collect$$rtexit$$00000002  c_w.l(rtexit2.o)
    0x080001bc   0x080001bc   0x00000004   Code   RO         6451    .ARM.Collect$$rtexit$$00000003  c_w.l(rtexit2.o)
    0x080001c0   0x080001c0   0x00000006   Code   RO         6452    .ARM.Collect$$rtexit$$00000004  c_w.l(rtexit2.o)
    0x080001c6   0x080001c6   0x00000002   PAD
    0x080001c8   0x080001c8   0x00000040   Code   RO            4    .text               startup_stm32f10x_md.o
    0x08000208   0x08000208   0x00000034   Code   RO         3825    .text               cpu_a.o
    0x0800023c   0x0800023c   0x00000002   Code   RO         6210    .text               c_w.l(use_no_semi_2.o)
    0x0800023e   0x0800023e   0x00000048   Code   RO         6212    .text               c_w.l(llsdiv.o)
    0x08000286   0x08000286   0x00000064   Code   RO         6214    .text               c_w.l(rt_memcpy_w.o)
    0x080002ea   0x080002ea   0x00000006   Code   RO         6216    .text               c_w.l(heapauxi.o)
    0x080002f0   0x080002f0   0x00000002   Code   RO         6282    .text               c_w.l(use_no_semi.o)
    0x080002f2   0x080002f2   0x000000ee   Code   RO         6285    .text               c_w.l(lludivv7m.o)
    0x080003e0   0x080003e0   0x00000016   Code   RO         6287    .text               c_w.l(_rserrno.o)
    0x080003f6   0x080003f6   0x00000002   PAD
    0x080003f8   0x080003f8   0x00000008   Code   RO         6369    .text               c_w.l(rt_errno_addr_intlibspace.o)
    0x08000400   0x08000400   0x00000008   Code   RO         6379    .text               c_w.l(libspace.o)
    0x08000408   0x08000408   0x0000004a   Code   RO         6382    .text               c_w.l(sys_stackheap_outer.o)
    0x08000452   0x08000452   0x00000012   Code   RO         6386    .text               c_w.l(exit.o)
    0x08000464   0x08000464   0x00000084   Code   RO         5345    CODE                os_cpu_a.o
    0x080004e8   0x080004e8   0x00000248   Code   RO         3171    i.AppTaskStart      app.o
    0x08000730   0x08000730   0x00000010   Code   RO         3531    i.BSP_CPU_ClkFreq   bsp.o
    0x08000740   0x08000740   0x000000ac   Code   RO         3532    i.BSP_Init          bsp.o
    0x080007ec   0x080007ec   0x000002b4   Code   RO         3172    i.Bluetooth_TASK    app.o
    0x08000aa0   0x08000aa0   0x00000004   Code   RO         3108    i.BusFault_Handler  stm32f10x_it.o
    0x08000aa4   0x08000aa4   0x00000010   Code   RO         3661    i.CPU_Init          cpu_core.o
    0x08000ab4   0x08000ab4   0x00000084   Code   RO         3662    i.CPU_IntDisMeasInit  cpu_core.o
    0x08000b38   0x08000b38   0x0000001c   Code   RO         3663    i.CPU_IntDisMeasMaxCalc  cpu_core.o
    0x08000b54   0x08000b54   0x0000002c   Code   RO         3664    i.CPU_IntDisMeasMaxCurGet  cpu_core.o
    0x08000b80   0x08000b80   0x0000002c   Code   RO         3665    i.CPU_IntDisMeasMaxCurReset  cpu_core.o
    0x08000bac   0x08000bac   0x0000002c   Code   RO         3666    i.CPU_IntDisMeasMaxGet  cpu_core.o
    0x08000bd8   0x08000bd8   0x00000034   Code   RO         3667    i.CPU_IntDisMeasStart  cpu_core.o
    0x08000c0c   0x08000c0c   0x00000054   Code   RO         3668    i.CPU_IntDisMeasStop  cpu_core.o
    0x08000c60   0x08000c60   0x00000038   Code   RO         3669    i.CPU_NameClr       cpu_core.o
    0x08000c98   0x08000c98   0x00000008   Code   RO         3671    i.CPU_NameInit      cpu_core.o
    0x08000ca0   0x08000ca0   0x00000014   Code   RO         3675    i.CPU_TS_Init       cpu_core.o
    0x08000cb4   0x08000cb4   0x0000000c   Code   RO         3677    i.CPU_TS_TmrFreqSet  cpu_core.o
    0x08000cc0   0x08000cc0   0x00000034   Code   RO         3533    i.CPU_TS_TmrInit    bsp.o
    0x08000cf4   0x08000cf4   0x0000000c   Code   RO         3534    i.CPU_TS_TmrRd      bsp.o
    0x08000d00   0x08000d00   0x00000174   Code   RO         5764    i.Control           control.o
    0x08000e74   0x08000e74   0x00000080   Code   RO         3173    i.Control_TASK      app.o
    0x08000ef4   0x08000ef4   0x00000002   Code   RO         3109    i.DebugMon_Handler  stm32f10x_it.o
    0x08000ef6   0x08000ef6   0x0000005a   Code   RO         5881    i.FindPos           filter.o
    0x08000f50   0x08000f50   0x00000116   Code   RO         1292    i.GPIO_Init         stm32f10x_gpio.o
    0x08001066   0x08001066   0x00000012   Code   RO         1298    i.GPIO_ReadOutputDataBit  stm32f10x_gpio.o
    0x08001078   0x08001078   0x00000004   Code   RO         1299    i.GPIO_ResetBits    stm32f10x_gpio.o
    0x0800107c   0x0800107c   0x00000004   Code   RO         1300    i.GPIO_SetBits      stm32f10x_gpio.o
    0x08001080   0x08001080   0x00000050   Code   RO         6041    i.GY_IIC_Ack        myiic.o
    0x080010d0   0x080010d0   0x00000040   Code   RO         6042    i.GY_IIC_Init       myiic.o
    0x08001110   0x08001110   0x00000050   Code   RO         6043    i.GY_IIC_NAck       myiic.o
    0x08001160   0x08001160   0x00000070   Code   RO         6044    i.GY_IIC_Read_Byte  myiic.o
    0x080011d0   0x080011d0   0x00000068   Code   RO         6045    i.GY_IIC_Send_Byte  myiic.o
    0x08001238   0x08001238   0x0000004c   Code   RO         6046    i.GY_IIC_Start      myiic.o
    0x08001284   0x08001284   0x0000004c   Code   RO         6047    i.GY_IIC_Stop       myiic.o
    0x080012d0   0x080012d0   0x00000068   Code   RO         6048    i.GY_IIC_Wait_Ack   myiic.o
    0x08001338   0x08001338   0x00000004   Code   RO         3110    i.HardFault_Handler  stm32f10x_it.o
    0x0800133c   0x0800133c   0x00000034   Code   RO         5674    i.IIC_Ack           iic.o
    0x08001370   0x08001370   0x00000034   Code   RO         5675    i.IIC_GPIO_Init     iic.o
    0x080013a4   0x080013a4   0x00000034   Code   RO         5676    i.IIC_NAck          iic.o
    0x080013d8   0x080013d8   0x00000058   Code   RO         5677    i.IIC_ReadByte      iic.o
    0x08001430   0x08001430   0x0000004a   Code   RO         5678    i.IIC_ReadByteFromSlave  iic.o
    0x0800147a   0x0800147a   0x00000072   Code   RO         5679    i.IIC_ReadMultByteFromSlave  iic.o
    0x080014ec   0x080014ec   0x0000005c   Code   RO         5680    i.IIC_SendByte      iic.o
    0x08001548   0x08001548   0x00000034   Code   RO         5681    i.IIC_Start         iic.o
    0x0800157c   0x0800157c   0x00000030   Code   RO         5682    i.IIC_Stop          iic.o
    0x080015ac   0x080015ac   0x00000050   Code   RO         5683    i.IIC_WaitAck       iic.o
    0x080015fc   0x080015fc   0x00000046   Code   RO         5684    i.IIC_WriteByteToSlave  iic.o
    0x08001642   0x08001642   0x00000002   PAD
    0x08001644   0x08001644   0x0000064c   Code   RO         5960    i.IMUupdate         imu.o
    0x08001c90   0x08001c90   0x00000078   Code   RO         3567    i.LED_GPIO_Config   bsp_led.o
    0x08001d08   0x08001d08   0x00000020   Code   RO         3568    i.LED_Init          bsp_led.o
    0x08001d28   0x08001d28   0x000000a8   Code   RO         3174    i.Led_TASK          app.o
    0x08001dd0   0x08001dd0   0x000001a8   Code   RO         5859    i.MOTOR_Init        motor.o
    0x08001f78   0x08001f78   0x00000054   Code   RO         5521    i.MPU6050_Check     mpu6050.o
    0x08001fcc   0x08001fcc   0x00000052   Code   RO         5523    i.MPU6050_Init      mpu6050.o
    0x0800201e   0x0800201e   0x00000002   PAD
    0x08002020   0x08002020   0x000000c0   Code   RO         5524    i.MPU6050_OffSet    mpu6050.o
    0x080020e0   0x080020e0   0x00000118   Code   RO         5525    i.MPU6050_Offset    mpu6050.o
    0x080021f8   0x080021f8   0x00000014   Code   RO         5526    i.MPU6050_Read      mpu6050.o
    0x0800220c   0x0800220c   0x0000001a   Code   RO         5527    i.MPU6050_ReadByte  mpu6050.o
    0x08002226   0x08002226   0x0000001e   Code   RO         5528    i.MPU6050_ReadMultBytes  mpu6050.o
    0x08002244   0x08002244   0x0000001a   Code   RO         5530    i.MPU6050_WriteByte  mpu6050.o
    0x0800225e   0x0800225e   0x00000010   Code   RO         5532    i.MPU6050_getDeviceID  mpu6050.o
    0x0800226e   0x0800226e   0x00000012   Code   RO         5533    i.MPU6050_testConnection  mpu6050.o
    0x08002280   0x08002280   0x0000008c   Code   RO         5996    i.MS5837_30BA_GetConversion  ms5837.o
    0x0800230c   0x0800230c   0x00000258   Code   RO         5997    i.MS5837_30BA_GetData  ms5837.o
    0x08002564   0x08002564   0x00000088   Code   RO         5998    i.MS5837_30BA_PROM  ms5837.o
    0x080025ec   0x080025ec   0x00000020   Code   RO         5999    i.MS5837_30BA_ReSet  ms5837.o
    0x0800260c   0x0800260c   0x00000160   Code   RO         3175    i.MS5837_TASK       app.o
    0x0800276c   0x0800276c   0x00000004   Code   RO         3111    i.MemManage_Handler  stm32f10x_it.o
    0x08002770   0x08002770   0x00000012   Code   RO         4017    i.Mem_Clr           lib_mem.o
    0x08002782   0x08002782   0x00000002   Code   RO         4019    i.Mem_Init          lib_mem.o
    0x08002784   0x08002784   0x00000062   Code   RO         4021    i.Mem_Set           lib_mem.o
    0x080027e6   0x080027e6   0x00000002   PAD
    0x080027e8   0x080027e8   0x00000048   Code   RO         5860    i.Moto_Pwm          motor.o
    0x08002830   0x08002830   0x00000002   Code   RO         3112    i.NMI_Handler       stm32f10x_it.o
    0x08002832   0x08002832   0x00000002   PAD
    0x08002834   0x08002834   0x00000070   Code   RO          137    i.NVIC_Init         misc.o
    0x080028a4   0x080028a4   0x00000014   Code   RO          138    i.NVIC_PriorityGroupConfig  misc.o
    0x080028b8   0x080028b8   0x00000030   Code   RO         5426    i.OLED_Clear        oled.o
    0x080028e8   0x080028e8   0x00000068   Code   RO         5429    i.OLED_DrawPoint    oled.o
    0x08002950   0x08002950   0x00000130   Code   RO         5431    i.OLED_Init         oled.o
    0x08002a80   0x08002a80   0x0000004c   Code   RO         5432    i.OLED_Refresh_Gram  oled.o
    0x08002acc   0x08002acc   0x0000010c   Code   RO         5433    i.OLED_ShowChar     oled.o
    0x08002bd8   0x08002bd8   0x00000094   Code   RO         5434    i.OLED_ShowNum      oled.o
    0x08002c6c   0x08002c6c   0x0000005e   Code   RO         5435    i.OLED_ShowString   oled.o
    0x08002cca   0x08002cca   0x00000002   PAD
    0x08002ccc   0x08002ccc   0x00000040   Code   RO         3176    i.OLED_TASK         app.o
    0x08002d0c   0x08002d0c   0x00000064   Code   RO         5436    i.OLED_WR_Byte      oled.o
    0x08002d70   0x08002d70   0x00000002   Code   RO         4212    i.OSCfg_Init        os_cfg_app.o
    0x08002d72   0x08002d72   0x00000002   PAD
    0x08002d74   0x08002d74   0x00000014   Code   RO         5348    i.OSIdleTaskHook    os_cpu_c.o
    0x08002d88   0x08002d88   0x0000018c   Code   RO         4235    i.OSInit            os_core.o
    0x08002f14   0x08002f14   0x00000038   Code   RO         5349    i.OSInitHook        os_cpu_c.o
    0x08002f4c   0x08002f4c   0x0000002c   Code   RO         4236    i.OSIntEnter        os_core.o
    0x08002f78   0x08002f78   0x000000e4   Code   RO         4237    i.OSIntExit         os_core.o
    0x0800305c   0x0800305c   0x000000a8   Code   RO         4238    i.OSSched           os_core.o
    0x08003104   0x08003104   0x0000007c   Code   RO         4239    i.OSSchedLock       os_core.o
    0x08003180   0x08003180   0x000000a0   Code   RO         4242    i.OSSchedUnlock     os_core.o
    0x08003220   0x08003220   0x000000e4   Code   RO         4881    i.OSSemCreate       os_sem.o
    0x08003304   0x08003304   0x0000021c   Code   RO         4883    i.OSSemPend         os_sem.o
    0x08003520   0x08003520   0x00000098   Code   RO         4885    i.OSSemPost         os_sem.o
    0x080035b8   0x080035b8   0x00000068   Code   RO         4243    i.OSStart           os_core.o
    0x08003620   0x08003620   0x00000168   Code   RO         4953    i.OSStatReset       os_stat.o
    0x08003788   0x08003788   0x00000100   Code   RO         4954    i.OSStatTaskCPUUsageInit  os_stat.o
    0x08003888   0x08003888   0x00000014   Code   RO         5350    i.OSStatTaskHook    os_cpu_c.o
    0x0800389c   0x0800389c   0x00000294   Code   RO         4984    i.OSTaskCreate      os_task.o
    0x08003b30   0x08003b30   0x00000018   Code   RO         5351    i.OSTaskCreateHook  os_cpu_c.o
    0x08003b48   0x08003b48   0x00000208   Code   RO         4985    i.OSTaskDel         os_task.o
    0x08003d50   0x08003d50   0x00000018   Code   RO         5352    i.OSTaskDelHook     os_cpu_c.o
    0x08003d68   0x08003d68   0x00000088   Code   RO         4993    i.OSTaskResume      os_task.o
    0x08003df0   0x08003df0   0x00000018   Code   RO         5353    i.OSTaskReturnHook  os_cpu_c.o
    0x08003e08   0x08003e08   0x00000250   Code   RO         4994    i.OSTaskSemPend     os_task.o
    0x08004058   0x08004058   0x000000e4   Code   RO         4998    i.OSTaskStkChk      os_task.o
    0x0800413c   0x0800413c   0x000000c0   Code   RO         5354    i.OSTaskStkInit     os_cpu_c.o
    0x080041fc   0x080041fc   0x00000060   Code   RO         4999    i.OSTaskSuspend     os_task.o
    0x0800425c   0x0800425c   0x000000a4   Code   RO         5355    i.OSTaskSwHook      os_cpu_c.o
    0x08004300   0x08004300   0x00000150   Code   RO         5199    i.OSTimeDly         os_time.o
    0x08004450   0x08004450   0x00000044   Code   RO         5204    i.OSTimeTick        os_time.o
    0x08004494   0x08004494   0x00000014   Code   RO         5356    i.OSTimeTickHook    os_cpu_c.o
    0x080044a8   0x080044a8   0x00000040   Code   RO         5357    i.OS_CPU_SysTickHandler  os_cpu_c.o
    0x080044e8   0x080044e8   0x00000030   Code   RO         5358    i.OS_CPU_SysTickInit  os_cpu_c.o
    0x08004518   0x08004518   0x000001b4   Code   RO         4481    i.OS_Dbg_Init       os_dbg.o
    0x080046cc   0x080046cc   0x00000018   Code   RO         4506    i.OS_FlagInit       os_flag.o
    0x080046e4   0x080046e4   0x0000027c   Code   RO         4507    i.OS_FlagPost       os_flag.o
    0x08004960   0x08004960   0x00000056   Code   RO         4508    i.OS_FlagTaskRdy    os_flag.o
    0x080049b6   0x080049b6   0x00000002   PAD
    0x080049b8   0x080049b8   0x0000004c   Code   RO         4245    i.OS_IdleTask       os_core.o
    0x08004a04   0x08004a04   0x00000070   Code   RO         4246    i.OS_IdleTaskInit   os_core.o
    0x08004a74   0x08004a74   0x00000104   Code   RO         4580    i.OS_IntQPost       os_int.o
    0x08004b78   0x08004b78   0x000001a4   Code   RO         4581    i.OS_IntQRePost     os_int.o
    0x08004d1c   0x08004d1c   0x000000c8   Code   RO         4582    i.OS_IntQTask       os_int.o
    0x08004de4   0x08004de4   0x00000128   Code   RO         4583    i.OS_IntQTaskInit   os_int.o
    0x08004f0c   0x08004f0c   0x00000018   Code   RO         4614    i.OS_MemInit        os_mem.o
    0x08004f24   0x08004f24   0x0000007c   Code   RO         4646    i.OS_MsgPoolInit    os_msg.o
    0x08004fa0   0x08004fa0   0x00000044   Code   RO         4647    i.OS_MsgQFreeAll    os_msg.o
    0x08004fe4   0x08004fe4   0x0000000e   Code   RO         4649    i.OS_MsgQInit       os_msg.o
    0x08004ff2   0x08004ff2   0x00000002   PAD
    0x08004ff4   0x08004ff4   0x00000104   Code   RO         4650    i.OS_MsgQPut        os_msg.o
    0x080050f8   0x080050f8   0x00000018   Code   RO         4690    i.OS_MutexInit      os_mutex.o
    0x08005110   0x08005110   0x00000068   Code   RO         4247    i.OS_Pend           os_core.o
    0x08005178   0x08005178   0x00000026   Code   RO         4250    i.OS_PendDataInit   os_core.o
    0x0800519e   0x0800519e   0x00000002   PAD
    0x080051a0   0x080051a0   0x0000005c   Code   RO         4251    i.OS_PendDbgNameAdd  os_core.o
    0x080051fc   0x080051fc   0x00000024   Code   RO         4252    i.OS_PendDbgNameRemove  os_core.o
    0x08005220   0x08005220   0x0000000a   Code   RO         4254    i.OS_PendListInit   os_core.o
    0x0800522a   0x0800522a   0x00000066   Code   RO         4256    i.OS_PendListInsertPrio  os_core.o
    0x08005290   0x08005290   0x00000030   Code   RO         4257    i.OS_PendListRemove  os_core.o
    0x080052c0   0x080052c0   0x00000042   Code   RO         4258    i.OS_PendListRemove1  os_core.o
    0x08005302   0x08005302   0x000000c0   Code   RO         4261    i.OS_Post           os_core.o
    0x080053c2   0x080053c2   0x0000002a   Code   RO         4262    i.OS_Post1          os_core.o
    0x080053ec   0x080053ec   0x00000028   Code   RO         4772    i.OS_PrioGetHighest  os_prio.o
    0x08005414   0x08005414   0x00000018   Code   RO         4773    i.OS_PrioInit       os_prio.o
    0x0800542c   0x0800542c   0x00000024   Code   RO         4774    i.OS_PrioInsert     os_prio.o
    0x08005450   0x08005450   0x00000024   Code   RO         4775    i.OS_PrioRemove     os_prio.o
    0x08005474   0x08005474   0x00000018   Code   RO         4818    i.OS_QInit          os_q.o
    0x0800548c   0x0800548c   0x00000188   Code   RO         4819    i.OS_QPost          os_q.o
    0x08005614   0x08005614   0x00000024   Code   RO         4263    i.OS_RdyListInit    os_core.o
    0x08005638   0x08005638   0x0000002c   Code   RO         4264    i.OS_RdyListInsert  os_core.o
    0x08005664   0x08005664   0x00000040   Code   RO         4265    i.OS_RdyListInsertHead  os_core.o
    0x080056a4   0x080056a4   0x0000003c   Code   RO         4266    i.OS_RdyListInsertTail  os_core.o
    0x080056e0   0x080056e0   0x00000044   Code   RO         4267    i.OS_RdyListMoveHeadToTail  os_core.o
    0x08005724   0x08005724   0x0000005c   Code   RO         4268    i.OS_RdyListRemove  os_core.o
    0x08005780   0x08005780   0x0000005c   Code   RO         4269    i.OS_Sched0         os_core.o
    0x080057dc   0x080057dc   0x0000001c   Code   RO         4270    i.OS_SchedLockTimeMeasStart  os_core.o
    0x080057f8   0x080057f8   0x0000003c   Code   RO         4271    i.OS_SchedLockTimeMeasStop  os_core.o
    0x08005834   0x08005834   0x000000ec   Code   RO         4272    i.OS_SchedRoundRobin  os_core.o
    0x08005920   0x08005920   0x00000030   Code   RO         4888    i.OS_SemDbgListAdd  os_sem.o
    0x08005950   0x08005950   0x00000018   Code   RO         4890    i.OS_SemInit        os_sem.o
    0x08005968   0x08005968   0x00000198   Code   RO         4891    i.OS_SemPost        os_sem.o
    0x08005b00   0x08005b00   0x000003b8   Code   RO         4955    i.OS_StatTask       os_stat.o
    0x08005eb8   0x08005eb8   0x000000cc   Code   RO         4956    i.OS_StatTaskInit   os_stat.o
    0x08005f84   0x08005f84   0x00000038   Code   RO         4273    i.OS_TaskBlock      os_core.o
    0x08005fbc   0x08005fbc   0x00000030   Code   RO         5001    i.OS_TaskDbgListAdd  os_task.o
    0x08005fec   0x08005fec   0x00000044   Code   RO         5002    i.OS_TaskDbgListRemove  os_task.o
    0x08006030   0x08006030   0x00000020   Code   RO         5003    i.OS_TaskInit       os_task.o
    0x08006050   0x08006050   0x000000d0   Code   RO         5004    i.OS_TaskInitTCB    os_task.o
    0x08006120   0x08006120   0x0000026c   Code   RO         5005    i.OS_TaskQPost      os_task.o
    0x0800638c   0x0800638c   0x0000001c   Code   RO         4274    i.OS_TaskRdy        os_core.o
    0x080063a8   0x080063a8   0x0000017c   Code   RO         5006    i.OS_TaskResume     os_task.o
    0x08006524   0x08006524   0x00000018   Code   RO         5007    i.OS_TaskReturn     os_task.o
    0x0800653c   0x0800653c   0x000005a8   Code   RO         5008    i.OS_TaskSemPost    os_task.o
    0x08006ae4   0x08006ae4   0x00000190   Code   RO         5009    i.OS_TaskSuspend    os_task.o
    0x08006c74   0x08006c74   0x00000028   Code   RO         5151    i.OS_TickListInit   os_tick.o
    0x08006c9c   0x08006c9c   0x000001bc   Code   RO         5152    i.OS_TickListInsert  os_tick.o
    0x08006e58   0x08006e58   0x00000038   Code   RO         5153    i.OS_TickListRemove  os_tick.o
    0x08006e90   0x08006e90   0x00000024   Code   RO         5154    i.OS_TickListResetPeak  os_tick.o
    0x08006eb4   0x08006eb4   0x00000220   Code   RO         5155    i.OS_TickListUpdate  os_tick.o
    0x080070d4   0x080070d4   0x0000002c   Code   RO         5156    i.OS_TickTask       os_tick.o
    0x08007100   0x08007100   0x000000b8   Code   RO         5157    i.OS_TickTaskInit   os_tick.o
    0x080071b8   0x080071b8   0x00000128   Code   RO         5250    i.OS_TmrInit        os_tmr.o
    0x080072e0   0x080072e0   0x000000d0   Code   RO         5251    i.OS_TmrLink        os_tmr.o
    0x080073b0   0x080073b0   0x00000024   Code   RO         5252    i.OS_TmrResetPeak   os_tmr.o
    0x080073d4   0x080073d4   0x000000c0   Code   RO         5253    i.OS_TmrTask        os_tmr.o
    0x08007494   0x08007494   0x00000050   Code   RO         5254    i.OS_TmrUnlink      os_tmr.o
    0x080074e4   0x080074e4   0x00000096   Code   RO         5643    i.PID_Postion_Cal   pid.o
    0x0800757a   0x0800757a   0x00000002   PAD
    0x0800757c   0x0800757c   0x00000098   Code   RO         5644    i.PidParameter_init  pid.o
    0x08007614   0x08007614   0x00000188   Code   RO         5961    i.Prepare_Data      imu.o
    0x0800779c   0x0800779c   0x00000038   Code   RO         5883    i.QuiteSort         filter.o
    0x080077d4   0x080077d4   0x00000020   Code   RO         1708    i.RCC_APB1PeriphClockCmd  stm32f10x_rcc.o
    0x080077f4   0x080077f4   0x00000020   Code   RO         1709    i.RCC_APB1PeriphResetCmd  stm32f10x_rcc.o
    0x08007814   0x08007814   0x00000020   Code   RO         1710    i.RCC_APB2PeriphClockCmd  stm32f10x_rcc.o
    0x08007834   0x08007834   0x00000020   Code   RO         1711    i.RCC_APB2PeriphResetCmd  stm32f10x_rcc.o
    0x08007854   0x08007854   0x000000d4   Code   RO         1718    i.RCC_GetClocksFreq  stm32f10x_rcc.o
    0x08007928   0x08007928   0x00000068   Code   RO         3571    i.RGB_LED_Write0    bsp_led.o
    0x08007990   0x08007990   0x00000064   Code   RO         3572    i.RGB_LED_Write0_2  bsp_led.o
    0x080079f4   0x080079f4   0x00000060   Code   RO         3573    i.RGB_LED_Write1    bsp_led.o
    0x08007a54   0x08007a54   0x0000005c   Code   RO         3574    i.RGB_LED_Write1_2  bsp_led.o
    0x08007ab0   0x08007ab0   0x0000001c   Code   RO         3575    i.RGB_LED_Write_24Bits  bsp_led.o
    0x08007acc   0x08007acc   0x00000024   Code   RO         3576    i.RGB_LED_Write_24Bits_2  bsp_led.o
    0x08007af0   0x08007af0   0x00000026   Code   RO         3577    i.RGB_LED_Write_Byte  bsp_led.o
    0x08007b16   0x08007b16   0x00000026   Code   RO         3578    i.RGB_LED_Write_Byte2  bsp_led.o
    0x08007b3c   0x08007b3c   0x00000024   Code   RO         5686    i.SDA_IN            iic.o
    0x08007b60   0x08007b60   0x0000002c   Code   RO         5687    i.SDA_OUT           iic.o
    0x08007b8c   0x08007b8c   0x00000002   Code   RO         3114    i.SVC_Handler       stm32f10x_it.o
    0x08007b8e   0x08007b8e   0x00000008   Code   RO           24    i.SetSysClock       system_stm32f10x.o
    0x08007b96   0x08007b96   0x00000002   PAD
    0x08007b98   0x08007b98   0x000000e0   Code   RO           25    i.SetSysClockTo72   system_stm32f10x.o
    0x08007c78   0x08007c78   0x00000090   Code   RO         5884    i.SortAver_Filter   filter.o
    0x08007d08   0x08007d08   0x00000090   Code   RO         5885    i.SortAver_Filter1  filter.o
    0x08007d98   0x08007d98   0x0000011c   Code   RO         5887    i.SortAver_FilterXYZ  filter.o
    0x08007eb4   0x08007eb4   0x00000028   Code   RO          141    i.SysTick_CLKSourceConfig  misc.o
    0x08007edc   0x08007edc   0x00000060   Code   RO           27    i.SystemInit        system_stm32f10x.o
    0x08007f3c   0x08007f3c   0x00000018   Code   RO         2342    i.TIM_Cmd           stm32f10x_tim.o
    0x08007f54   0x08007f54   0x0000001e   Code   RO         2344    i.TIM_CtrlPWMOutputs  stm32f10x_tim.o
    0x08007f72   0x08007f72   0x00000002   PAD
    0x08007f74   0x08007f74   0x00000098   Code   RO         2371    i.TIM_OC1Init       stm32f10x_tim.o
    0x0800800c   0x0800800c   0x00000012   Code   RO         2374    i.TIM_OC1PreloadConfig  stm32f10x_tim.o
    0x0800801e   0x0800801e   0x00000002   PAD
    0x08008020   0x08008020   0x000000a4   Code   RO         2376    i.TIM_OC2Init       stm32f10x_tim.o
    0x080080c4   0x080080c4   0x0000001a   Code   RO         2379    i.TIM_OC2PreloadConfig  stm32f10x_tim.o
    0x080080de   0x080080de   0x00000002   PAD
    0x080080e0   0x080080e0   0x000000a0   Code   RO         2381    i.TIM_OC3Init       stm32f10x_tim.o
    0x08008180   0x08008180   0x00000012   Code   RO         2384    i.TIM_OC3PreloadConfig  stm32f10x_tim.o
    0x08008192   0x08008192   0x00000002   PAD
    0x08008194   0x08008194   0x0000007c   Code   RO         2386    i.TIM_OC4Init       stm32f10x_tim.o
    0x08008210   0x08008210   0x0000001a   Code   RO         2388    i.TIM_OC4PreloadConfig  stm32f10x_tim.o
    0x0800822a   0x0800822a   0x00000002   PAD
    0x0800822c   0x0800822c   0x000000a4   Code   RO         2413    i.TIM_TimeBaseInit  stm32f10x_tim.o
    0x080082d0   0x080082d0   0x0000006c   Code   RO         6167    i.USART1_IRQHandler  usart.o
    0x0800833c   0x0800833c   0x0000006c   Code   RO         5828    i.USART2_IRQHandler  usart2.o
    0x080083a8   0x080083a8   0x00000018   Code   RO         2878    i.USART_Cmd         stm32f10x_usart.o
    0x080083c0   0x080083c0   0x0000009c   Code   RO         2880    i.USART_DeInit      stm32f10x_usart.o
    0x0800845c   0x0800845c   0x00000054   Code   RO         2882    i.USART_GetITStatus  stm32f10x_usart.o
    0x080084b0   0x080084b0   0x0000004a   Code   RO         2884    i.USART_ITConfig    stm32f10x_usart.o
    0x080084fa   0x080084fa   0x00000002   PAD
    0x080084fc   0x080084fc   0x000000d8   Code   RO         2885    i.USART_Init        stm32f10x_usart.o
    0x080085d4   0x080085d4   0x0000000a   Code   RO         2892    i.USART_ReceiveData  stm32f10x_usart.o
    0x080085de   0x080085de   0x00000004   Code   RO         3116    i.UsageFault_Handler  stm32f10x_it.o
    0x080085e2   0x080085e2   0x00000028   Code   RO         6334    i.__ARM_fpclassify  m_ws.l(fpclassify.o)
    0x0800860a   0x0800860a   0x000000aa   Code   RO         6336    i.__kernel_poly     m_ws.l(poly.o)
    0x080086b4   0x080086b4   0x00000006   Code   RO         6321    i.__mathlib_dbl_infnan  m_ws.l(dunder.o)
    0x080086ba   0x080086ba   0x00000004   Code   RO         6322    i.__mathlib_dbl_infnan2  m_ws.l(dunder.o)
    0x080086be   0x080086be   0x0000000c   Code   RO         6323    i.__mathlib_dbl_invalid  m_ws.l(dunder.o)
    0x080086ca   0x080086ca   0x00000002   PAD
    0x080086cc   0x080086cc   0x00000010   Code   RO         6326    i.__mathlib_dbl_underflow  m_ws.l(dunder.o)
    0x080086dc   0x080086dc   0x00000004   Code   RO         6168    i._sys_exit         usart.o
    0x080086e0   0x080086e0   0x00000270   Code   RO         6265    i.asin              m_ws.l(asin.o)
    0x08008950   0x08008950   0x00000220   Code   RO         6311    i.atan              m_ws.l(atan.o)
    0x08008b70   0x08008b70   0x0000019c   Code   RO         6275    i.atan2             m_ws.l(atan2.o)
    0x08008d0c   0x08008d0c   0x00000070   Code   RO         6095    i.delay_init        delay.o
    0x08008d7c   0x08008d7c   0x00000050   Code   RO         6096    i.delay_ms          delay.o
    0x08008dcc   0x08008dcc   0x0000000a   Code   RO         6097    i.delay_osschedlock  delay.o
    0x08008dd6   0x08008dd6   0x0000000a   Code   RO         6098    i.delay_osschedunlock  delay.o
    0x08008de0   0x08008de0   0x00000010   Code   RO         6099    i.delay_ostimedly   delay.o
    0x08008df0   0x08008df0   0x0000005c   Code   RO         6100    i.delay_us          delay.o
    0x08008e4c   0x08008e4c   0x0000004c   Code   RO         5962    i.invSqrt           imu.o
    0x08008e98   0x08008e98   0x00000060   Code   RO         3177    i.main              app.o
    0x08008ef8   0x08008ef8   0x00000016   Code   RO         5437    i.mypow             oled.o
    0x08008f0e   0x08008f0e   0x0000004c   Code   RO         6340    i.sqrt              m_ws.l(sqrt.o)
    0x08008f5a   0x08008f5a   0x00000002   PAD
    0x08008f5c   0x08008f5c   0x000000a0   Code   RO         6170    i.uart_init         usart.o
    0x08008ffc   0x08008ffc   0x000000a8   Code   RO         5829    i.usart2_init       usart2.o
    0x080090a4   0x080090a4   0x00000062   Code   RO         6220    x$fpl$d2f           fz_ws.l(d2f.o)
    0x08009106   0x08009106   0x00000002   PAD
    0x08009108   0x08009108   0x00000150   Code   RO         6289    x$fpl$dadd          fz_ws.l(daddsub_clz.o)
    0x08009258   0x08009258   0x00000010   Code   RO         6371    x$fpl$dcheck1       fz_ws.l(dcheck1.o)
    0x08009268   0x08009268   0x00000018   Code   RO         6373    x$fpl$dcmpinf       fz_ws.l(dcmpi.o)
    0x08009280   0x08009280   0x000002b0   Code   RO         6223    x$fpl$ddiv          fz_ws.l(ddiv.o)
    0x08009530   0x08009530   0x00000078   Code   RO         6295    x$fpl$deqf          fz_ws.l(deqf.o)
    0x080095a8   0x080095a8   0x0000002e   Code   RO         6227    x$fpl$dflt          fz_ws.l(dflt_clz.o)
    0x080095d6   0x080095d6   0x00000002   PAD
    0x080095d8   0x080095d8   0x00000154   Code   RO         6232    x$fpl$dmul          fz_ws.l(dmul.o)
    0x0800972c   0x0800972c   0x0000009c   Code   RO         6297    x$fpl$dnaninf       fz_ws.l(dnaninf.o)
    0x080097c8   0x080097c8   0x0000000c   Code   RO         6299    x$fpl$dretinf       fz_ws.l(dretinf.o)
    0x080097d4   0x080097d4   0x00000016   Code   RO         6290    x$fpl$drsb          fz_ws.l(daddsub_clz.o)
    0x080097ea   0x080097ea   0x00000002   PAD
    0x080097ec   0x080097ec   0x000001cc   Code   RO         6377    x$fpl$dsqrt         fz_ws.l(dsqrt_noumaal.o)
    0x080099b8   0x080099b8   0x000001d4   Code   RO         6291    x$fpl$dsub          fz_ws.l(daddsub_clz.o)
    0x08009b8c   0x08009b8c   0x00000056   Code   RO         6234    x$fpl$f2d           fz_ws.l(f2d.o)
    0x08009be2   0x08009be2   0x00000002   PAD
    0x08009be4   0x08009be4   0x000000c4   Code   RO         6236    x$fpl$fadd          fz_ws.l(faddsub_clz.o)
    0x08009ca8   0x08009ca8   0x00000018   Code   RO         6301    x$fpl$fcmpinf       fz_ws.l(fcmpi.o)
    0x08009cc0   0x08009cc0   0x00000184   Code   RO         6243    x$fpl$fdiv          fz_ws.l(fdiv.o)
    0x08009e44   0x08009e44   0x00000068   Code   RO         6246    x$fpl$feqf          fz_ws.l(feqf.o)
    0x08009eac   0x08009eac   0x00000036   Code   RO         6248    x$fpl$ffix          fz_ws.l(ffix.o)
    0x08009ee2   0x08009ee2   0x00000002   PAD
    0x08009ee4   0x08009ee4   0x00000030   Code   RO         6253    x$fpl$fflt          fz_ws.l(fflt_clz.o)
    0x08009f14   0x08009f14   0x00000026   Code   RO         6252    x$fpl$ffltu         fz_ws.l(fflt_clz.o)
    0x08009f3a   0x08009f3a   0x00000002   PAD
    0x08009f3c   0x08009f3c   0x00000068   Code   RO         6258    x$fpl$fleqf         fz_ws.l(fleqf.o)
    0x08009fa4   0x08009fa4   0x00000102   Code   RO         6260    x$fpl$fmul          fz_ws.l(fmul.o)
    0x0800a0a6   0x0800a0a6   0x0000008c   Code   RO         6303    x$fpl$fnaninf       fz_ws.l(fnaninf.o)
    0x0800a132   0x0800a132   0x0000000a   Code   RO         6305    x$fpl$fretinf       fz_ws.l(fretinf.o)
    0x0800a13c   0x0800a13c   0x00000062   Code   RO         6262    x$fpl$frleqf        fz_ws.l(frleqf.o)
    0x0800a19e   0x0800a19e   0x00000014   Code   RO         6237    x$fpl$frsb          fz_ws.l(faddsub_clz.o)
    0x0800a1b2   0x0800a1b2   0x00000002   PAD
    0x0800a1b4   0x0800a1b4   0x000000ea   Code   RO         6238    x$fpl$fsub          fz_ws.l(faddsub_clz.o)
    0x0800a29e   0x0800a29e   0x00000064   Code   RO         6394    x$fpl$retnan        fz_ws.l(retnan.o)
    0x0800a302   0x0800a302   0x0000005c   Code   RO         6307    x$fpl$scalbn        fz_ws.l(scalbn.o)
    0x0800a35e   0x0800a35e   0x00000030   Code   RO         6447    x$fpl$trapveneer    fz_ws.l(trapv.o)
    0x0800a38e   0x0800a38e   0x00000000   Code   RO         6309    x$fpl$usenofp       fz_ws.l(usenofp.o)
    0x0800a38e   0x0800a38e   0x00000002   PAD
    0x0800a390   0x0800a390   0x000000a4   Data   RO         4214    .constdata          os_cfg_app.o
    0x0800a434   0x0800a434   0x0000016c   Data   RO         4482    .constdata          os_dbg.o
    0x0800a5a0   0x0800a5a0   0x000017c0   Data   RO         5439    .constdata          oled.o
    0x0800bd60   0x0800bd60   0x00000024   Data   RO         5964    .constdata          imu.o
    0x0800bd84   0x0800bd84   0x00000004   PAD
    0x0800bd88   0x0800bd88   0x00000050   Data   RO         6266    .constdata          m_ws.l(asin.o)
    0x0800bdd8   0x0800bdd8   0x00000098   Data   RO         6312    .constdata          m_ws.l(atan.o)
    0x0800be70   0x0800be70   0x00000008   Data   RO         6338    .constdata          m_ws.l(qnan.o)
    0x0800be78   0x0800be78   0x00000020   Data   RO         6524    Region$$Table       anon$$obj.o


    Execution Region RW_IRAM1 (Exec base: 0x20000000, Load base: 0x0800be98, Size: 0x00004ee0, Max: 0x00005000, ABSOLUTE, COMPRESSED[0x00000030])

    Exec Addr    Load Addr    Size         Type   Attr      Idx    E Section Name        Object

    0x20000000   COMPRESSED   0x00000014   Data   RW           28    .data               system_stm32f10x.o
    0x20000014   COMPRESSED   0x00000014   Data   RW         1738    .data               stm32f10x_rcc.o
    0x20000028   COMPRESSED   0x00000012   Data   RW         3179    .data               app.o
    0x2000003a   COMPRESSED   0x00000002   PAD
    0x2000003c   COMPRESSED   0x0000001c   Data   RW         3681    .data               cpu_core.o
    0x20000058   COMPRESSED   0x00000004   Data   RW         4776    .data               os_prio.o
    0x2000005c   COMPRESSED   0x000000d0   Data   RW         5332    .data               os_var.o
    0x2000012c   COMPRESSED   0x00000004   Data   RW         5359    .data               os_cpu_c.o
    0x20000130   COMPRESSED   0x0000002a   Data   RW         5535    .data               mpu6050.o
    0x2000015a   COMPRESSED   0x00000002   PAD
    0x2000015c   COMPRESSED   0x0000001c   Data   RW         5766    .data               control.o
    0x20000178   COMPRESSED   0x00000010   Data   RW         5890    .data               filter.o
    0x20000188   COMPRESSED   0x00000021   Data   RW         5965    .data               imu.o
    0x200001a9   COMPRESSED   0x00000007   PAD
    0x200001b0   COMPRESSED   0x00000068   Data   RW         6001    .data               ms5837.o
    0x20000218   COMPRESSED   0x00000004   Data   RW         6101    .data               delay.o
    0x2000021c   COMPRESSED   0x00000008   Data   RW         6172    .data               usart.o
    0x20000224        -       0x000020d8   Zero   RW         3178    .bss                app.o
    0x200022fc        -       0x00000010   Zero   RW         3679    .bss                cpu_core.o
    0x2000230c        -       0x00001490   Zero   RW         4213    .bss                os_cfg_app.o
    0x2000379c        -       0x00000574   Zero   RW         5331    .bss                os_var.o
    0x20003d10        -       0x00000400   Zero   RW         5438    .bss                oled.o
    0x20004110        -       0x0000000e   Zero   RW         5534    .bss                mpu6050.o
    0x2000411e   COMPRESSED   0x00000002   PAD
    0x20004120        -       0x00000078   Zero   RW         5645    .bss                pid.o
    0x20004198        -       0x000000b4   Zero   RW         5765    .bss                control.o
    0x2000424c        -       0x00000028   Zero   RW         5831    .bss                usart2.o
    0x20004274        -       0x00000550   Zero   RW         5889    .bss                filter.o
    0x200047c4        -       0x00000078   Zero   RW         5963    .bss                imu.o
    0x2000483c        -       0x0000001c   Zero   RW         6000    .bss                ms5837.o
    0x20004858        -       0x00000028   Zero   RW         6171    .bss                usart.o
    0x20004880        -       0x00000060   Zero   RW         6380    .bss                c_w.l(libspace.o)
    0x200048e0        -       0x00000200   Zero   RW            2    HEAP                startup_stm32f10x_md.o
    0x20004ae0        -       0x00000400   Zero   RW            1    STACK               startup_stm32f10x_md.o


==============================================================================

Image component sizes


      Code (inc. data)   RO Data    RW Data    ZI Data      Debug   Object Name

      2084        444          0         18       8408     262234   app.o
       252         18          0          0          0       2097   bsp.o
       684         30          0          0          0       5958   bsp_led.o
       372         54          0         28        180      34902   control.o
         0          0          0          0          0       4508   core_cm3.o
        52          0          0          0          0        360   cpu_a.o
       540         98          0         28         16      16717   cpu_core.o
       320         40          0          4          0       3483   delay.o
       718         46          0         16       1360       9323   filter.o
       854         52          0          0          0       8098   iic.o
      2080        118         36         33        120       8229   imu.o
       118          0          0          0          0       2411   lib_mem.o
       172         22          0          0          0       2177   misc.o
       496         22          0          0          0       1536   motor.o
       774         72          0         42         14      10852   mpu6050.o
       908         64          0        104         28       3903   ms5837.o
       696        108          0          0          0       4566   myiic.o
      1164         66       6080          0       1024       7444   oled.o
         0          0          0          0          0      29283   os_app_hooks.o
         2          0        164          0       5264      21026   os_cfg_app.o
      3006        412          0          0          0      21015   os_core.o
       132         32          0          0          0        404   os_cpu_a.o
       656         68          0          4          0       8437   os_cpu_c.o
       436        286        364          0          0       4865   os_dbg.o
       746         28          0          0          0       3177   os_flag.o
      1176        204          0          0          0       3586   os_int.o
        24         10          0          0          0        905   os_mem.o
       466         26          0          0          0       3321   os_msg.o
        24         10          0          0          0        911   os_mutex.o
       136         16          0          4          0       2930   os_prio.o
       416         20          0          0          0       2262   os_q.o
      1400         66          0          0          0       5871   os_sem.o
      1772        214          0          0          0       4151   os_stat.o
      5460        260          0          0          0      14136   os_task.o
      1348        124          0          0          0       5621   os_tick.o
       404         28          0          0          0       1809   os_time.o
       812        134          0          0          0       4252   os_tmr.o
         0          0          0        208       1396      19525   os_var.o
       302         62          0          0        120       5903   pid.o
        64         26        236          0       1536        904   startup_stm32f10x_md.o
       304          0          0          0          0       3809   stm32f10x_gpio.o
        22          0          0          0          0       3215   stm32f10x_it.o
       340         44          0         20          0       5788   stm32f10x_rcc.o
       906         92          0          0          0       7862   stm32f10x_tim.o
       564         28          0          0          0       5805   stm32f10x_usart.o
       328         28          0         20          0     249597   system_stm32f10x.o
       272         22          0          8         40       3685   usart.o
       276         22          0          0         40       1950   usart2.o

    ----------------------------------------------------------------------
     34112       3516       6916        548      19548     834803   Object Totals
         0          0         32          0          0          0   (incl. Generated)
        34          0          4         11          2          0   (incl. Padding)

    ----------------------------------------------------------------------

      Code (inc. data)   RO Data    RW Data    ZI Data      Debug   Library Member Name

        90          0          0          0          0          0   __dczerorl2.o
         8          0          0          0          0         68   __main.o
         0          0          0          0          0          0   __rtentry.o
        12          0          0          0          0          0   __rtentry2.o
         6          0          0          0          0          0   __rtentry4.o
        52          8          0          0          0          0   __scatter.o
        28          0          0          0          0          0   __scatter_zi.o
        22          0          0          0          0        100   _rserrno.o
        18          0          0          0          0         80   exit.o
         6          0          0          0          0        152   heapauxi.o
         2          0          0          0          0          0   libinit.o
         2          0          0          0          0          0   libinit2.o
         2          0          0          0          0          0   libshutdown.o
         2          0          0          0          0          0   libshutdown2.o
         8          4          0          0         96         68   libspace.o
        72          0          0          0          0         76   llsdiv.o
       238          0          0          0          0        100   lludivv7m.o
         8          4          0          0          0         68   rt_errno_addr_intlibspace.o
       100          0          0          0          0         80   rt_memcpy_w.o
         2          0          0          0          0          0   rtexit.o
        10          0          0          0          0          0   rtexit2.o
        74          0          0          0          0         80   sys_stackheap_outer.o
         2          0          0          0          0         68   use_no_semi.o
         2          0          0          0          0         68   use_no_semi_2.o
        98          4          0          0          0         92   d2f.o
       826         16          0          0          0        348   daddsub_clz.o
        16          4          0          0          0         68   dcheck1.o
        24          0          0          0          0         68   dcmpi.o
       688        140          0          0          0        208   ddiv.o
       120          4          0          0          0         92   deqf.o
        46          0          0          0          0         68   dflt_clz.o
       340         12          0          0          0        104   dmul.o
       156          4          0          0          0         92   dnaninf.o
        12          0          0          0          0         68   dretinf.o
       460         56          0          0          0        120   dsqrt_noumaal.o
        86          4          0          0          0         84   f2d.o
       450          8          0          0          0        236   faddsub_clz.o
        24          0          0          0          0         68   fcmpi.o
       388         76          0          0          0         96   fdiv.o
       104          4          0          0          0         84   feqf.o
        54          4          0          0          0         84   ffix.o
        86          0          0          0          0        136   fflt_clz.o
       104          4          0          0          0         84   fleqf.o
       258          4          0          0          0         84   fmul.o
       140          4          0          0          0         84   fnaninf.o
        10          0          0          0          0         68   fretinf.o
        98          0          0          0          0         68   frleqf.o
       100          0          0          0          0         68   retnan.o
        92          0          0          0          0         68   scalbn.o
        48          0          0          0          0         68   trapv.o
         0          0          0          0          0          0   usenofp.o
       624         52         80          0          0        168   asin.o
       544         70        152          0          0        124   atan.o
       412         38          0          0          0        144   atan2.o
        38          6          0          0          0        272   dunder.o
        40          0          0          0          0         68   fpclassify.o
       170          0          0          0          0         96   poly.o
         0          0          8          0          0          0   qnan.o
        76          0          0          0          0         84   sqrt.o

    ----------------------------------------------------------------------
      7524        530        240          0         96       4672   Library Totals
        26          0          0          0          0          0   (incl. Padding)

    ----------------------------------------------------------------------

      Code (inc. data)   RO Data    RW Data    ZI Data      Debug   Library Name

       766         16          0          0         96       1008   c_w.l
      4828        348          0          0          0       2708   fz_ws.l
      1904        166        240          0          0        956   m_ws.l

    ----------------------------------------------------------------------
      7524        530        240          0         96       4672   Library Totals

    ----------------------------------------------------------------------

==============================================================================


      Code (inc. data)   RO Data    RW Data    ZI Data      Debug   

     41636       4046       7156        548      19644     824443   Grand Totals
     41636       4046       7156         48      19644     824443   ELF Image Totals (compressed)
     41636       4046       7156         48          0          0   ROM Totals

==============================================================================

    Total RO  Size (Code + RO Data)                48792 (  47.65kB)
    Total RW  Size (RW Data + ZI Data)             20192 (  19.72kB)
    Total ROM Size (Code + RO Data + RW Data)      48840 (  47.70kB)

==============================================================================

